Component: ARM Compiler 6.10.1 Tool: armlink [5d142800]

==============================================================================

Section Cross References

    bsp_test.o(.text) refers (Special) to _printf_d.o(.ARM.Collect$$_printf_percent$$00000009) for _printf_d
    bsp_test.o(.text) refers (Special) to _printf_dec.o(.text) for _printf_int_dec
    bsp_test.o(.text) refers (Special) to _printf_percent.o(.ARM.Collect$$_printf_percent$$00000000) for _printf_percent
    bsp_test.o(.text.main) refers (Special) to _printf_d.o(.ARM.Collect$$_printf_percent$$00000009) for _printf_d
    bsp_test.o(.text.main) refers (Special) to _printf_dec.o(.text) for _printf_int_dec
    bsp_test.o(.text.main) refers (Special) to _printf_percent.o(.ARM.Collect$$_printf_percent$$00000000) for _printf_percent
    bsp_test.o(.text.main) refers to system_m100.o(.text.SystemCoreClockUpdate) for SystemCoreClockUpdate
    bsp_test.o(.text.main) refers to system_m100.o(.text.mdelay) for mdelay
    bsp_test.o(.text.main) refers to __2printf.o(.text) for __2printf
    bsp_test.o(.text.main) refers to puts.o(.text) for puts
    bsp_test.o(.text.main) refers to thinktech_cmd.o(.text.CMD_Drv) for CMD_Drv
    bsp_test.o(.text.main) refers to thinktech_obd.o(.text.ISO15765_4_Drv) for ISO15765_4_Drv
    bsp_test.o(.text.main) refers to system_m100.o(.bss.SystemCoreClock) for SystemCoreClock
    bsp_test.o(.ARM.exidx.text.main) refers (Special) to _printf_d.o(.ARM.Collect$$_printf_percent$$00000009) for _printf_d
    bsp_test.o(.ARM.exidx.text.main) refers (Special) to _printf_dec.o(.text) for _printf_int_dec
    bsp_test.o(.ARM.exidx.text.main) refers (Special) to _printf_percent.o(.ARM.Collect$$_printf_percent$$00000000) for _printf_percent
    bsp_test.o(.ARM.exidx.text.main) refers to bsp_test.o(.text.main) for [Anonymous Symbol]
    bsp_test.o(.ARM.use_no_argv) refers (Special) to _printf_d.o(.ARM.Collect$$_printf_percent$$00000009) for _printf_d
    bsp_test.o(.ARM.use_no_argv) refers (Special) to _printf_dec.o(.text) for _printf_int_dec
    bsp_test.o(.ARM.use_no_argv) refers (Special) to _printf_percent.o(.ARM.Collect$$_printf_percent$$00000000) for _printf_percent
    thinktech_led.o(.text.LED_Init) refers to gpio_mizar.o(.text.GPIO_PinSetDirection) for GPIO_PinSetDirection
    thinktech_led.o(.text.LED_Init) refers to gpio_mizar.o(.text.GPIO_PinWrite) for GPIO_PinWrite
    thinktech_led.o(.ARM.exidx.text.LED_Init) refers to thinktech_led.o(.text.LED_Init) for [Anonymous Symbol]
    thinktech_led.o(.text.LED_Clr) refers to thinktech_led.o(.bss..L_MergedGlobals) for [Anonymous Symbol]
    thinktech_led.o(.text.LED_Clr) refers to thinktech_led.o(.bss.s_LED.0) for [Anonymous Symbol]
    thinktech_led.o(.ARM.exidx.text.LED_Clr) refers to thinktech_led.o(.text.LED_Clr) for [Anonymous Symbol]
    thinktech_led.o(.text.LED_Set) refers to thinktech_led.o(.bss.s_LED.0) for [Anonymous Symbol]
    thinktech_led.o(.text.LED_Set) refers to thinktech_led.o(.bss..L_MergedGlobals) for [Anonymous Symbol]
    thinktech_led.o(.ARM.exidx.text.LED_Set) refers to thinktech_led.o(.text.LED_Set) for [Anonymous Symbol]
    thinktech_led.o(.text.LED_Drv) refers to thinktech_led.o(.text.LED_Off) for LED_Off
    thinktech_led.o(.text.LED_Drv) refers to thinktech_led.o(.text.LED_On) for LED_On
    thinktech_led.o(.text.LED_Drv) refers to thinktech_led.o(.bss..L_MergedGlobals) for [Anonymous Symbol]
    thinktech_led.o(.text.LED_Drv) refers to thinktech_led.o(.bss.s_LED.0) for [Anonymous Symbol]
    thinktech_led.o(.ARM.exidx.text.LED_Drv) refers to thinktech_led.o(.text.LED_Drv) for [Anonymous Symbol]
    thinktech_led.o(.text.LED_On) refers to gpio_mizar.o(.text.GPIO_PinWrite) for GPIO_PinWrite
    thinktech_led.o(.ARM.exidx.text.LED_On) refers to thinktech_led.o(.text.LED_On) for [Anonymous Symbol]
    thinktech_led.o(.text.LED_Off) refers to gpio_mizar.o(.text.GPIO_PinWrite) for GPIO_PinWrite
    thinktech_led.o(.ARM.exidx.text.LED_Off) refers to thinktech_led.o(.text.LED_Off) for [Anonymous Symbol]
    thinktech_timer.o(.text.TMR_Open) refers to thinktech_timer.o(.bss.s_TMR) for [Anonymous Symbol]
    thinktech_timer.o(.ARM.exidx.text.TMR_Open) refers to thinktech_timer.o(.text.TMR_Open) for [Anonymous Symbol]
    thinktech_timer.o(.text.TMR_Close) refers to thinktech_timer.o(.bss.s_TMR) for [Anonymous Symbol]
    thinktech_timer.o(.ARM.exidx.text.TMR_Close) refers to thinktech_timer.o(.text.TMR_Close) for [Anonymous Symbol]
    thinktech_timer.o(.text.TMR_IsOut) refers to thinktech_timer.o(.bss.s_TMR) for [Anonymous Symbol]
    thinktech_timer.o(.ARM.exidx.text.TMR_IsOut) refers to thinktech_timer.o(.text.TMR_IsOut) for [Anonymous Symbol]
    thinktech_timer.o(.text.TMR_GetCurVal) refers to thinktech_timer.o(.bss.s_TMR) for [Anonymous Symbol]
    thinktech_timer.o(.ARM.exidx.text.TMR_GetCurVal) refers to thinktech_timer.o(.text.TMR_GetCurVal) for [Anonymous Symbol]
[...]
    __rt_lib_shutdown_stdio_1                0x100001f1   Thumb Code     0  libshutdown2.o(.ARM.Collect$$libshutdown$$00000004)
    __rt_lib_shutdown_user_alloc_1           0x100001f1   Thumb Code     0  libshutdown2.o(.ARM.Collect$$libshutdown$$0000000C)
    __rt_entry                               0x100001f3   Thumb Code     0  __rtentry.o(.ARM.Collect$$rtentry$$00000000)
    __rt_entry_presh_1                       0x100001f3   Thumb Code     0  __rtentry2.o(.ARM.Collect$$rtentry$$00000002)
    __rt_entry_sh                            0x100001f3   Thumb Code     0  __rtentry4.o(.ARM.Collect$$rtentry$$00000004)
    __rt_entry_li                            0x100001f9   Thumb Code     0  __rtentry2.o(.ARM.Collect$$rtentry$$0000000A)
    __rt_entry_postsh_1                      0x100001f9   Thumb Code     0  __rtentry2.o(.ARM.Collect$$rtentry$$00000009)
    __rt_entry_main                          0x100001fd   Thumb Code     0  __rtentry2.o(.ARM.Collect$$rtentry$$0000000D)
    __rt_entry_postli_1                      0x100001fd   Thumb Code     0  __rtentry2.o(.ARM.Collect$$rtentry$$0000000C)
    __rt_exit                                0x10000205   Thumb Code     0  rtexit.o(.ARM.Collect$$rtexit$$00000000)
    __rt_exit_ls                             0x10000207   Thumb Code     0  rtexit2.o(.ARM.Collect$$rtexit$$00000003)
    __rt_exit_prels_1                        0x10000207   Thumb Code     0  rtexit2.o(.ARM.Collect$$rtexit$$00000002)
    __rt_exit_exit                           0x1000020b   Thumb Code     0  rtexit2.o(.ARM.Collect$$rtexit$$00000004)
    Reset_Handler                            0x10000211   Thumb Code     8  startup_m100.o(.text)
    NMI_Handler                              0x10000219   Thumb Code     2  startup_m100.o(.text)
    HardFault_Handler                        0x1000021b   Thumb Code     2  startup_m100.o(.text)
    MemManage_Handler                        0x1000021d   Thumb Code     2  startup_m100.o(.text)
    BusFault_Handler                         0x1000021f   Thumb Code     2  startup_m100.o(.text)
    UsageFault_Handler                       0x10000221   Thumb Code     2  startup_m100.o(.text)
    SVC_Handler                              0x10000223   Thumb Code     2  startup_m100.o(.text)
    DebugMon_Handler                         0x10000225   Thumb Code     2  startup_m100.o(.text)
    PendSV_Handler                           0x10000227   Thumb Code     2  startup_m100.o(.text)
    CC312_IRQHandler                         0x1000022b   Thumb Code     0  startup_m100.o(.text)
    FLASH_CACHE_IRQHandler                   0x1000022b   Thumb Code     0  startup_m100.o(.text)
    GPDMA_ERR_IRQHandler                     0x1000022b   Thumb Code     0  startup_m100.o(.text)
    GPDMA_TC_IRQHandler                      0x1000022b   Thumb Code     0  startup_m100.o(.text)
    GPIO0_IRQHandler                         0x1000022b   Thumb Code     0  startup_m100.o(.text)
    GPIO1_IRQHandler                         0x1000022b   Thumb Code     0  startup_m100.o(.text)
    GPIO2_IRQHandler                         0x1000022b   Thumb Code     0  startup_m100.o(.text)
    GPIO3_IRQHandler                         0x1000022b   Thumb Code     0  startup_m100.o(.text)
    GPIO5_IRQHandler                         0x1000022b   Thumb Code     0  startup_m100.o(.text)
    GPIO6_IRQHandler                         0x1000022b   Thumb Code     0  startup_m100.o(.text)
    GPIO7_IRQHandler                         0x1000022b   Thumb Code     0  startup_m100.o(.text)
    GPIO_COMBINE_IRQHandler                  0x1000022b   Thumb Code     0  startup_m100.o(.text)
    I2C0_IRQHandler                          0x1000022b   Thumb Code     0  startup_m100.o(.text)
    I2C1_IRQHandler                          0x1000022b   Thumb Code     0  startup_m100.o(.text)
    PKI_RSA_IRQHandler                       0x1000022b   Thumb Code     0  startup_m100.o(.text)
    SSP0_ROR_IRQHandler                      0x1000022b   Thumb Code     0  startup_m100.o(.text)
    SSP0_RT_IRQHandler                       0x1000022b   Thumb Code     0  startup_m100.o(.text)
    SSP0_RX_IRQHandler                       0x1000022b   Thumb Code     0  startup_m100.o(.text)
    SSP0_TX_IRQHandler                       0x1000022b   Thumb Code     0  startup_m100.o(.text)
    SSP1_ROR_IRQHandler                      0x1000022b   Thumb Code     0  startup_m100.o(.text)
    SSP1_RT_IRQHandler                       0x1000022b   Thumb Code     0  startup_m100.o(.text)
    SSP1_RX_IRQHandler                       0x1000022b   Thumb Code     0  startup_m100.o(.text)
    SSP1_TX_IRQHandler                       0x1000022b   Thumb Code     0  startup_m100.o(.text)
    SSP2_ROR_IRQHandler                      0x1000022b   Thumb Code     0  startup_m100.o(.text)
    SSP2_RT_IRQHandler                       0x1000022b   Thumb Code     0  startup_m100.o(.text)
    SSP2_RX_IRQHandler                       0x1000022b   Thumb Code     0  startup_m100.o(.text)
    SSP2_TX_IRQHandler                       0x1000022b   Thumb Code     0  startup_m100.o(.text)
    SSP3_ROR_IRQHandler                      0x1000022b   Thumb Code     0  startup_m100.o(.text)
    SSP3_RT_IRQHandler                       0x1000022b   Thumb Code     0  startup_m100.o(.text)
    SSP3_RX_IRQHandler                       0x1000022b   Thumb Code     0  startup_m100.o(.text)
    SSP3_TX_IRQHandler                       0x1000022b   Thumb Code     0  startup_m100.o(.text)
    TIMER_IRQHandler                         0x1000022b   Thumb Code     0  startup_m100.o(.text)
    TRNG0_IRQHandler                         0x1000022b   Thumb Code     0  startup_m100.o(.text)
    TRNG1_IRQHandler                         0x1000022b   Thumb Code     0  startup_m100.o(.text)
    TRNG2_IRQHandler                         0x1000022b   Thumb Code     0  startup_m100.o(.text)
    TRNG3_IRQHandler                         0x1000022b   Thumb Code     0  startup_m100.o(.text)
    TRNG_IRQHandler                          0x1000022b   Thumb Code     0  startup_m100.o(.text)
    UART0_ERR_IRQHandler                     0x1000022b   Thumb Code     0  startup_m100.o(.text)
    UART0_MS_IRQHandler                      0x1000022b   Thumb Code     0  startup_m100.o(.text)
    UART0_RT_IRQHandler                      0x1000022b   Thumb Code     0  startup_m100.o(.text)
    UART0_RX_IRQHandler                      0x1000022b   Thumb Code     0  startup_m100.o(.text)
    UART0_TX_IRQHandler                      0x1000022b   Thumb Code     0  startup_m100.o(.text)
    UART1_ERR_IRQHandler                     0x1000022b   Thumb Code     0  startup_m100.o(.text)
    UART1_MS_IRQHandler                      0x1000022b   Thumb Code     0  startup_m100.o(.text)
    UART1_RT_IRQHandler                      0x1000022b   Thumb Code     0  startup_m100.o(.text)
    UART1_RX_IRQHandler                      0x1000022b   Thumb Code     0  startup_m100.o(.text)
    UART1_TX_IRQHandler                      0x1000022b   Thumb Code     0  startup_m100.o(.text)
    WDT_IRQHandler                           0x1000022b   Thumb Code     0  startup_m100.o(.text)
    eFLASH_IRQHandler                        0x1000022b   Thumb Code     0  startup_m100.o(.text)
    __user_initial_stackheap                 0x1000022d   Thumb Code    10  startup_m100.o(.text)
    __2printf                                0x10000251   Thumb Code    20  __2printf.o(.text)
    __2sprintf                               0x10000269   Thumb Code    38  __2sprintf.o(.text)
    _printf_pre_padding                      0x10000295   Thumb Code    44  _printf_pad.o(.text)
    _printf_post_padding                     0x100002c1   Thumb Code    34  _printf_pad.o(.text)
    _printf_str                              0x100002e3   Thumb Code    82  _printf_str.o(.text)
    _printf_int_dec                          0x10000335   Thumb Code   104  _printf_dec.o(.text)
    _printf_longlong_hex                     0x100003ad   Thumb Code    86  _printf_hex_int_ll_ptr.o(.text)
    _printf_int_hex                          0x10000403   Thumb Code    28  _printf_hex_int_ll_ptr.o(.text)
    _printf_ll_hex                           0x1000041f   Thumb Code    12  _printf_hex_int_ll_ptr.o(.text)
    _printf_hex_ptr                          0x1000042b   Thumb Code    18  _printf_hex_int_ll_ptr.o(.text)
    __printf                                 0x10000441   Thumb Code   388  __printf_flags_ss_wp.o(.text)
    puts                                     0x100005c9   Thumb Code    40  puts.o(.text)
    strstr                                   0x100005f5   Thumb Code    36  strstr.o(.text)
    strcpy                                   0x10000619   Thumb Code    72  strcpy.o(.text)
    strlen                                   0x10000661   Thumb Code    62  strlen.o(.text)
    __aeabi_memcpy                           0x1000069f   Thumb Code     0  rt_memcpy_v6.o(.text)
    __rt_memcpy                              0x1000069f   Thumb Code   138  rt_memcpy_v6.o(.text)
    _memcpy_lastbytes                        0x10000705   Thumb Code     0  rt_memcpy_v6.o(.text)
    __aeabi_memclr4                          0x10000729   Thumb Code     0  rt_memclr_w.o(.text)
    __aeabi_memclr8                          0x10000729   Thumb Code     0  rt_memclr_w.o(.text)
    __rt_memclr_w                            0x10000729   Thumb Code    78  rt_memclr_w.o(.text)
    _memset_w                                0x1000072d   Thumb Code     0  rt_memclr_w.o(.text)
    strncpy                                  0x10000777   Thumb Code    86  strncpy.o(.text)
    strcmp                                   0x100007cd   Thumb Code   128  strcmpv7m.o(.text)
    __use_two_region_memory                  0x1000084d   Thumb Code     2  heapauxi.o(.text)
    __rt_heap_escrow                         0x1000084f   Thumb Code     2  heapauxi.o(.text)
    __rt_heap_expand                         0x10000851   Thumb Code     2  heapauxi.o(.text)
    _printf_int_common                       0x10000853   Thumb Code   178  _printf_intcommon.o(.text)
    _printf_fp_dec_real                      0x10000ab5   Thumb Code   620  _printf_fp_dec.o(.text)
    _printf_fp_hex_real                      0x10000d21   Thumb Code   756  _printf_fp_hex.o(.text)
    _printf_char_common                      0x10001027   Thumb Code    32  _printf_char_common.o(.text)
    _sputc                                   0x1000104d   Thumb Code    10  _sputc.o(.text)
    _printf_cs_common                        0x10001057   Thumb Code    20  _printf_char.o(.text)
    _printf_char                             0x1000106b   Thumb Code    16  _printf_char.o(.text)
    _printf_string                           0x1000107b   Thumb Code     8  _printf_char.o(.text)
    _printf_char_file                        0x10001085   Thumb Code    32  _printf_char_file.o(.text)
    __aeabi_memcpy4                          0x100010a9   Thumb Code     0  rt_memcpy_w.o(.text)
    __aeabi_memcpy8                          0x100010a9   Thumb Code     0  rt_memcpy_w.o(.text)
    __rt_memcpy_w                            0x100010a9   Thumb Code   100  rt_memcpy_w.o(.text)
    _memcpy_lastbytes_aligned                0x100010f1   Thumb Code     0  rt_memcpy_w.o(.text)
    __aeabi_memclr                           0x1000110d   Thumb Code     0  rt_memclr.o(.text)
    __rt_memclr                              0x1000110d   Thumb Code    68  rt_memclr.o(.text)
    _memset                                  0x10001111   Thumb Code     0  rt_memclr.o(.text)
    __rt_locale                              0x10001151   Thumb Code     8  rt_locale_intlibspace.o(.text)
    _ll_udiv10                               0x10001159   Thumb Code   138  lludiv10.o(.text)
    _printf_fp_infnan                        0x100011e5   Thumb Code   112  _printf_fp_infnan.o(.text)
    _btod_etento                             0x10001265   Thumb Code   224  bigflt0.o(.text)
    ferror                                   0x10001349   Thumb Code     8  ferror.o(.text)
    __flsbuf                                 0x10001351   Thumb Code   470  flsbuf.o(.text)
    __flsbuf_byte                            0x10001351   Thumb Code     0  flsbuf.o(.text)
    __flsbuf_wide                            0x10001351   Thumb Code     0  flsbuf.o(.text)
    _initio                                  0x10001529   Thumb Code   210  initio.o(.text)
    _terminateio                             0x100015fb   Thumb Code    56  initio.o(.text)
    __user_libspace                          0x10001661   Thumb Code     8  libspace.o(.text)
    __user_perproc_libspace                  0x10001661   Thumb Code     0  libspace.o(.text)
    __user_perthread_libspace                0x10001661   Thumb Code     0  libspace.o(.text)
    __user_setup_stackheap                   0x10001669   Thumb Code    74  sys_stackheap_outer.o(.text)
    malloc                                   0x100016b3   Thumb Code    94  h1_alloc.o(.text)
    free                                     0x10001711   Thumb Code    78  h1_free.o(.text)
    setvbuf                                  0x1000175f   Thumb Code    70  setvbuf.o(.text)
    _seterr                                  0x100017a5   Thumb Code    20  stdio.o(.text)
    _writebuf                                0x100017b9   Thumb Code    84  stdio.o(.text)
    _fflush                                  0x1000180d   Thumb Code    70  stdio.o(.text)
    _deferredlazyseek                        0x10001853   Thumb Code    60  stdio.o(.text)
    freopen                                  0x10001895   Thumb Code   158  fopen.o(.text)
    fopen                                    0x10001933   Thumb Code    74  fopen.o(.text)
    _fclose_internal                         0x10001981   Thumb Code    76  fclose.o(.text)
    fclose                                   0x10001981   Thumb Code     0  fclose.o(.text)
    exit                                     0x100019cd   Thumb Code    18  exit.o(.text)
    __rt_SIGRTRED                            0x100019df   Thumb Code    14  defsig_rtred_outer.o(.text)
    __rt_heap_descriptor                     0x100019ed   Thumb Code     8  rt_heap_descriptor_intlibspace.o(.text)
    __use_no_heap                            0x100019f5   Thumb Code     2  hguard.o(.text)
    __heap$guard                             0x100019f7   Thumb Code     2  hguard.o(.text)
    _terminate_user_alloc                    0x100019f9   Thumb Code     2  init_alloc.o(.text)
    _init_user_alloc                         0x100019fb   Thumb Code     2  init_alloc.o(.text)
    __Heap_Full                              0x100019fd   Thumb Code    34  init_alloc.o(.text)
    __Heap_Broken                            0x10001a1f   Thumb Code     6  init_alloc.o(.text)
    _init_alloc                              0x10001a25   Thumb Code    94  init_alloc.o(.text)
    __Heap_Initialize                        0x10001a83   Thumb Code    10  h1_init.o(.text)
    __Heap_DescSize                          0x10001a8d   Thumb Code     4  h1_init.o(.text)
    _fseek                                   0x10001a91   Thumb Code   242  fseek.o(.text)
    fseek                                    0x10001a91   Thumb Code     0  fseek.o(.text)
    __sig_exit                               0x10001b89   Thumb Code    10  defsig_exit.o(.text)
    __rt_SIGRTRED_inner                      0x10001b95   Thumb Code    14  defsig_rtred_inner.o(.text)
    _sys_exit                                0x10001bc9   Thumb Code     8  sys_exit.o(.text)
    __Heap_ProvideMemory                     0x10001bd5   Thumb Code    52  h1_extend.o(.text)
    _maybe_terminate_alloc                   0x10001bd5   Thumb Code     0  maybetermalloc1.o(.text)
    _ftell_internal                          0x10001c09   Thumb Code    66  ftell.o(.text)
    ftell                                    0x10001c09   Thumb Code     0  ftell.o(.text)
    __default_signal_display                 0x10001c4b   Thumb Code    50  defsig_general.o(.text)
    __rt_SIGRTMEM                            0x10001c7d   Thumb Code    14  defsig_rtmem_outer.o(.text)
    _ttywrch                                 0x10001c8b   Thumb Code    14  sys_wrch.o(.text)
    __I$use$semihosting                      0x10001c99   Thumb Code     0  use_no_semi.o(.text)
    __use_no_semihosting_swi                 0x10001c99   Thumb Code     2  use_no_semi.o(.text)
    __semihosting_library_function           0x10001c9b   Thumb Code     0  indicate_semi.o(.text)
    __aeabi_errno_addr                       0x10001c9d   Thumb Code     8  rt_errno_addr_intlibspace.o(.text)
    __errno$intlibspace                      0x10001c9d   Thumb Code     0  rt_errno_addr_intlibspace.o(.text)
    __rt_errno_addr$intlibspace              0x10001c9d   Thumb Code     0  rt_errno_addr_intlibspace.o(.text)
    __rt_SIGRTMEM_inner                      0x10001ca5   Thumb Code    22  defsig_rtmem_inner.o(.text)
    CAN_Receive_Buffer                       0x10001cf5   Thumb Code    72  thinktech_mcp2515.o(.text.CAN_Receive_Buffer)
    CAN_Send_Buffer                          0x10001d3d   Thumb Code    96  thinktech_mcp2515.o(.text.CAN_Send_Buffer)
    CMD_Drv                                  0x10001d9d   Thumb Code   912  thinktech_cmd.o(.text.CMD_Drv)
    Clean_ESP8266_RX_BUF                     0x1000212d   Thumb Code    28  thinktech_esp8266.o(.text.Clean_ESP8266_RX_BUF)
    Clean_RX_BUF                             0x10002149   Thumb Code    24  system_m100.o(.text.Clean_RX_BUF)
    Formula000                               0x10002189   Thumb Code    14  formula.o(.text.Formula000)
    Formula001                               0x10002199   Thumb Code    24  formula.o(.text.Formula001)
    Formula002                               0x100021b1   Thumb Code    24  formula.o(.text.Formula002)
    Formula003                               0x100021c1   Thumb Code    24  formula.o(.text.Formula003)
    Formula004                               0x100021d1   Thumb Code    24  formula.o(.text.Formula004)
    Formula005                               0x100021e1   Thumb Code    24  formula.o(.text.Formula005)
    Formula006                               0x100021f1   Thumb Code    24  formula.o(.text.Formula006)
    Formula007                               0x10002201   Thumb Code    24  formula.o(.text.Formula007)
    Formula008                               0x10002211   Thumb Code    24  formula.o(.text.Formula008)
    Formula009                               0x10002221   Thumb Code    24  formula.o(.text.Formula009)
    Formula010                               0x10002231   Thumb Code    24  formula.o(.text.Formula010)
    Formula011                               0x10002241   Thumb Code    24  formula.o(.text.Formula011)
    Formula012                               0x10002259   Thumb Code    24  formula.o(.text.Formula012)
    Formula013                               0x10002269   Thumb Code    24  formula.o(.text.Formula013)
    Formula014                               0x10002279   Thumb Code    24  formula.o(.text.Formula014)
    Formula015                               0x10002289   Thumb Code    24  formula.o(.text.Formula015)
    Formula016                               0x100022a1   Thumb Code    52  formula.o(.text.Formula016)
    Formula017                               0x100022d5   Thumb Code   120  formula.o(.text.Formula017)
    Formula018                               0x1000234d   Thumb Code    40  formula.o(.text.Formula018)
    Formula019                               0x1000236d   Thumb Code    12  formula.o(.text.Formula019)
    Formula020                               0x10002379   Thumb Code    48  formula.o(.text.Formula020)
    Formula021                               0x100023a1   Thumb Code    14  formula.o(.text.Formula021)
    Formula022                               0x100023af   Thumb Code    10  formula.o(.text.Formula022)
    Formula023                               0x100023b9   Thumb Code    32  formula.o(.text.Formula023)
    Formula024                               0x100023d9   Thumb Code    40  formula.o(.text.Formula024)
    Formula025                               0x10002401   Thumb Code    36  formula.o(.text.Formula025)
    Formula026                               0x10002421   Thumb Code    80  formula.o(.text.Formula026)
    Formula027                               0x1000246d   Thumb Code   128  formula.o(.text.Formula027)
    Formula028                               0x100024e9   Thumb Code    44  formula.o(.text.Formula028)
    Formula029                               0x10002515   Thumb Code    48  formula.o(.text.Formula029)
    Formula030                               0x1000253d   Thumb Code    48  formula.o(.text.Formula030)
    Formula031                               0x1000256d   Thumb Code   132  formula.o(.text.Formula031)
    Formula032                               0x100025f1   Thumb Code    24  formula.o(.text.Formula032)
    Formula033                               0x10002609   Thumb Code    14  formula.o(.text.Formula033)
    Formula034                               0x10002619   Thumb Code    48  formula.o(.text.Formula034)
    Formula035                               0x10002645   Thumb Code    22  formula.o(.text.Formula035)
    Formula036                               0x1000265d   Thumb Code    40  formula.o(.text.Formula036)
    Formula037                               0x10002681   Thumb Code    44  formula.o(.text.Formula037)
    Formula038                               0x100026a9   Thumb Code    48  formula.o(.text.Formula038)
    Formula039                               0x100026d9   Thumb Code    32  formula.o(.text.Formula039)
    Formula040                               0x100026f9   Thumb Code    28  formula.o(.text.Formula040)
    Formula041                               0x10002715   Thumb Code    44  formula.o(.text.Formula041)
    Formula042                               0x10002741   Thumb Code    48  formula.o(.text.Formula042)
    Formula043                               0x1000276d   Thumb Code    44  formula.o(.text.Formula043)
    Formula044                               0x10002795   Thumb Code    64  formula.o(.text.Formula044)
    Formula045                               0x100027d5   Thumb Code    32  formula.o(.text.Formula045)
    Formula046                               0x100027f5   Thumb Code    26  formula.o(.text.Formula046)
    Formula047                               0x10002811   Thumb Code    48  formula.o(.text.Formula047)
    Formula048                               0x10002841   Thumb Code    48  formula.o(.text.Formula048)
    Formula049                               0x1000286d   Thumb Code    44  formula.o(.text.Formula049)
    Formula050                               0x10002899   Thumb Code    28  formula.o(.text.Formula050)
    GPDMA_COMBINE_IRQHandler                 0x100028b5   Thumb Code   244  gpdma_mizar.o(.text.GPDMA_COMBINE_IRQHandler)
    GPDMA_ChannelConfigure                   0x100029a5   Thumb Code   200  gpdma_mizar.o(.text.GPDMA_ChannelConfigure)
    GPDMA_ChannelDisable                     0x10002a65   Thumb Code    40  gpdma_mizar.o(.text.GPDMA_ChannelDisable)
    GPDMA_ChannelGetCount                    0x10002a8d   Thumb Code    44  gpdma_mizar.o(.text.GPDMA_ChannelGetCount)
    GPDMA_Initialize                         0x10002ab5   Thumb Code    96  gpdma_mizar.o(.text.GPDMA_Initialize)
    GPDMA_Uninitialize                       0x10002b11   Thumb Code    60  gpdma_mizar.o(.text.GPDMA_Uninitialize)
    GPIO4_IRQHandler                         0x10002b4d   Thumb Code    16  thinktech_mcp2515.o(.text.GPIO4_IRQHandler)
    GPIO_PinIntCfg                           0x10002b5d   Thumb Code   132  gpio_mizar.o(.text.GPIO_PinIntCfg)
    GPIO_PinIntClear                         0x10002be1   Thumb Code    24  gpio_mizar.o(.text.GPIO_PinIntClear)
    GPIO_PinIntEnable                        0x10002bf9   Thumb Code    28  gpio_mizar.o(.text.GPIO_PinIntEnable)
    GPIO_PinSetDirection                     0x10002c15   Thumb Code    32  gpio_mizar.o(.text.GPIO_PinSetDirection)
    GetSystemClock                           0x10002c35   Thumb Code    40  system_m100.o(.text.GetSystemClock)
    ISO15765_4_Config                        0x10002c5d   Thumb Code     4  thinktech_obd.o(.text.ISO15765_4_Config)
    ISO15765_4_DS                            0x10002c61   Thumb Code   340  thinktech_obd.o(.text.ISO15765_4_DS)
    ISO15765_4_DTC                           0x10002da9   Thumb Code   120  thinktech_obd.o(.text.ISO15765_4_DTC)
    ISO15765_4_Drv                           0x10002e15   Thumb Code   484  thinktech_obd.o(.text.ISO15765_4_Drv)
    ISO15765_4_VIN                           0x10002ff9   Thumb Code    56  thinktech_obd.o(.text.ISO15765_4_VIN)
    MCP2515_Init                             0x10003031   Thumb Code   548  thinktech_mcp2515.o(.text.MCP2515_Init)
    MCP2515_ReadByte                         0x10003255   Thumb Code    52  thinktech_mcp2515.o(.text.MCP2515_ReadByte)
    MCP2515_Reset                            0x10003285   Thumb Code    36  thinktech_mcp2515.o(.text.MCP2515_Reset)
    MCP2515_WriteByte                        0x100032a5   Thumb Code    44  thinktech_mcp2515.o(.text.MCP2515_WriteByte)
    MISC_Disable_DMAC                        0x100032cd   Thumb Code    20  misc_mizar.o(.text.MISC_Disable_DMAC)
    MISC_Disable_SSP0                        0x100032d9   Thumb Code    20  misc_mizar.o(.text.MISC_Disable_SSP0)
    MISC_Disable_UART1                       0x100032e5   Thumb Code    20  misc_mizar.o(.text.MISC_Disable_UART1)
    MISC_Enable_DMAC                         0x100032f1   Thumb Code    20  misc_mizar.o(.text.MISC_Enable_DMAC)
    MISC_Enable_SSP0                         0x10003301   Thumb Code    20  misc_mizar.o(.text.MISC_Enable_SSP0)
    MISC_Enable_UART1                        0x10003311   Thumb Code    20  misc_mizar.o(.text.MISC_Enable_UART1)
    PCBU                                     0x10003325   Thumb Code   148  thinktech_obd.o(.text.PCBU)
    ReadyDSStatus                            0x100033b9   Thumb Code   140  thinktech_obd.o(.text.ReadyDSStatus)
    SPI_callback_func                        0x10003445   Thumb Code    16  thinktech_mcp2515.o(.text.SPI_callback_func)
    SSP0_COMBINE_IRQHandler                  0x10003455   Thumb Code    12  ssp_mizar.o(.text.SSP0_COMBINE_IRQHandler)
    SSP0_GPDMA_Rx_SignalEvent                0x10003465   Thumb Code    12  ssp_mizar.o(.text.SSP0_GPDMA_Rx_SignalEvent)
    SSP0_GPDMA_Tx_SignalEvent                0x1000346d   Thumb Code    24  ssp_mizar.o(.text.SSP0_GPDMA_Tx_SignalEvent)
    SSP1_COMBINE_IRQHandler                  0x100034dd   Thumb Code    12  ssp_mizar.o(.text.SSP1_COMBINE_IRQHandler)
    SSP1_GPDMA_Rx_SignalEvent                0x100034e5   Thumb Code    12  ssp_mizar.o(.text.SSP1_GPDMA_Rx_SignalEvent)
    SSP1_GPDMA_Tx_SignalEvent                0x100034f1   Thumb Code    24  ssp_mizar.o(.text.SSP1_GPDMA_Tx_SignalEvent)
    SSP2_COMBINE_IRQHandler                  0x10003509   Thumb Code    12  ssp_mizar.o(.text.SSP2_COMBINE_IRQHandler)
    SSP2_GPDMA_Rx_SignalEvent                0x10003511   Thumb Code    12  ssp_mizar.o(.text.SSP2_GPDMA_Rx_SignalEvent)
    SSP2_GPDMA_Tx_SignalEvent                0x1000351d   Thumb Code    24  ssp_mizar.o(.text.SSP2_GPDMA_Tx_SignalEvent)
    SSP3_COMBINE_IRQHandler                  0x10003535   Thumb Code    12  ssp_mizar.o(.text.SSP3_COMBINE_IRQHandler)
    SSP3_GPDMA_Rx_SignalEvent                0x1000353d   Thumb Code    12  ssp_mizar.o(.text.SSP3_GPDMA_Rx_SignalEvent)
    SSP3_GPDMA_Tx_SignalEvent                0x10003549   Thumb Code    24  ssp_mizar.o(.text.SSP3_GPDMA_Tx_SignalEvent)
    SSPx_GPDMA_Rx_SignalEvent                0x10003831   Thumb Code    34  ssp_mizar.o(.text.SSPx_GPDMA_Rx_SignalEvent)
    Send_CANFrame                            0x10003d2d   Thumb Code   444  thinktech_obd.o(.text.Send_CANFrame)
    SysTick_Handler                          0x10003f35   Thumb Code   116  system_m100.o(.text.SysTick_Handler)
    SystemCoreClockUpdate                    0x10003fa5   Thumb Code    36  system_m100.o(.text.SystemCoreClockUpdate)
    SystemInit                               0x10003fc9   Thumb Code   132  system_m100.o(.text.SystemInit)
    TMR_Drv                                  0x1000404d   Thumb Code    28  thinktech_timer.o(.text.TMR_Drv)
    UART0_COMBINE_IRQHandler                 0x10004069   Thumb Code    12  usart_mizar.o(.text.UART0_COMBINE_IRQHandler)
    UART1_COMBINE_IRQHandler                 0x10004075   Thumb Code    12  usart_mizar.o(.text.UART1_COMBINE_IRQHandler)
    UART_COMBINE_IRQHandler                  0x1000407d   Thumb Code   294  usart_mizar.o(.text.UART_COMBINE_IRQHandler)
    UART_callback                            0x100041a5   Thumb Code    96  system_m100.o(.text.UART_callback)
    USART_Check_Cmd                          0x100042b9   Thumb Code    40  system_m100.o(.text.USART_Check_Cmd)
    _sys_close                               0x100048a1   Thumb Code    18  retarget_io.o(.text._sys_close)
    _sys_flen                                0x100048b3   Thumb Code     4  retarget_io.o(.text._sys_flen)
    _sys_istty                               0x100048b7   Thumb Code    16  retarget_io.o(.text._sys_istty)
    _sys_open                                0x100048c9   Thumb Code    88  retarget_io.o(.text._sys_open)
    _sys_seek                                0x10004921   Thumb Code     6  retarget_io.o(.text._sys_seek)
    _sys_write                               0x10004927   Thumb Code    48  retarget_io.o(.text._sys_write)
    main                                     0x10004959   Thumb Code   136  bsp_test.o(.text.main)
    mdelay                                   0x100049e1   Thumb Code    10  system_m100.o(.text.mdelay)
    stdout_putchar                           0x100049ed   Thumb Code   140  system_m100.o(.text.stdout_putchar)
    udelay                                   0x10004a79   Thumb Code    56  system_m100.o(.text.udelay)
    _btod_d2e                                0x10004ab1   Thumb Code    62  btod.o(CL$$btod_d2e)
    _d2e_denorm_low                          0x10004aef   Thumb Code    70  btod.o(CL$$btod_d2e_denorm_low)
    _d2e_norm_op1                            0x10004b35   Thumb Code    96  btod.o(CL$$btod_d2e_norm_op1)
    __btod_div_common                        0x10004b95   Thumb Code   696  btod.o(CL$$btod_div_common)
    _e2e                                     0x10004ecd   Thumb Code   220  btod.o(CL$$btod_e2e)
    _btod_ediv                               0x10004fa9   Thumb Code    42  btod.o(CL$$btod_ediv)
    _btod_emul                               0x10004fd3   Thumb Code    42  btod.o(CL$$btod_emul)
    __btod_mult_common                       0x10004ffd   Thumb Code   580  btod.o(CL$$btod_mult_common)
    __ARM_fpclassify                         0x10005241   Thumb Code    40  fpclassify.o(i.__ARM_fpclassify)
    _is_digit                                0x10005269   Thumb Code    14  __printf_wp.o(i._is_digit)
    fputc                                    0x10005277   Thumb Code    26  fputc.o(i.fputc)
    _get_lc_numeric                          0x10005291   Thumb Code    44  lc_numeric_c.o(locale$$code)
    __aeabi_d2f                              0x100052bd   Thumb Code     0  d2f.o(x$fpl$d2f)
    _d2f                                     0x100052bd   Thumb Code    98  d2f.o(x$fpl$d2f)
    __aeabi_dadd                             0x10005321   Thumb Code     0  daddsub_clz.o(x$fpl$dadd)
    _dadd                                    0x10005321   Thumb Code   332  daddsub_clz.o(x$fpl$dadd)
    __aeabi_ddiv                             0x10005471   Thumb Code     0  ddiv.o(x$fpl$ddiv)
    _ddiv                                    0x10005471   Thumb Code   552  ddiv.o(x$fpl$ddiv)
    __aeabi_i2d                              0x10005721   Thumb Code     0  dflt_clz.o(x$fpl$dflt)
    _dflt                                    0x10005721   Thumb Code    46  dflt_clz.o(x$fpl$dflt)
    __aeabi_ui2d                             0x1000574f   Thumb Code     0  dflt_clz.o(x$fpl$dfltu)
    _dfltu                                   0x1000574f   Thumb Code    38  dflt_clz.o(x$fpl$dfltu)
    __aeabi_dmul                             0x10005775   Thumb Code     0  dmul.o(x$fpl$dmul)
    _dmul                                    0x10005775   Thumb Code   332  dmul.o(x$fpl$dmul)
    __fpl_dnaninf                            0x100058c9   Thumb Code   156  dnaninf.o(x$fpl$dnaninf)
    __fpl_dretinf                            0x10005965   Thumb Code    12  dretinf.o(x$fpl$dretinf)
    __aeabi_dsub                             0x10005971   Thumb Code     0  daddsub_clz.o(x$fpl$dsub)
    _dsub                                    0x10005971   Thumb Code   464  daddsub_clz.o(x$fpl$dsub)
    __aeabi_f2d                              0x10005b45   Thumb Code     0  f2d.o(x$fpl$f2d)
    _f2d                                     0x10005b45   Thumb Code    86  f2d.o(x$fpl$f2d)
    __aeabi_i2f                              0x10005b9d   Thumb Code     0  fflt_clz.o(x$fpl$fflt)
    _fflt                                    0x10005b9d   Thumb Code    48  fflt_clz.o(x$fpl$fflt)
    __aeabi_ui2f                             0x10005bcd   Thumb Code     0  fflt_clz.o(x$fpl$ffltu)
    _ffltu                                   0x10005bcd   Thumb Code    38  fflt_clz.o(x$fpl$ffltu)
    __fpl_fnaninf                            0x10005bf3   Thumb Code   140  fnaninf.o(x$fpl$fnaninf)
    __fpl_fretinf                            0x10005c7f   Thumb Code    10  fretinf.o(x$fpl$fretinf)
    _printf_fp_dec                           0x10005c89   Thumb Code     4  printf1.o(x$fpl$printf1)
    _printf_fp_hex                           0x10005c8d   Thumb Code     4  printf2.o(x$fpl$printf2)
    __I$use$fp                               0x10005c90   Number         0  usenofp.o(x$fpl$usenofp)
    DSControl                                0x10005dfc   Data        2416  formula.o(.rodata.DSControl)
    Driver_SPI0                              0x1000676c   Data          44  ssp_mizar.o(.rodata.Driver_SPI0)
    Driver_USART1                            0x10006798   Data          56  usart_mizar.o(.rodata.Driver_USART1)
    __stderr_name                            0x10006850   Data           8  retarget_io.o(.rodata.__stderr_name)
    __stdin_name                             0x10006858   Data           7  retarget_io.o(.rodata.__stdin_name)
    __stdout_name                            0x1000685f   Data           8  retarget_io.o(.rodata.__stdout_name)
    Region$$Table$$Base                      0x10006d0c   Number         0  anon$$obj.o(Region$$Table)
    Region$$Table$$Limit                     0x10006d2c   Number         0  anon$$obj.o(Region$$Table)
    __aeabi_stdin                            0x20000000   Data           4  stdio_streams.o(.data)
    __aeabi_stdout                           0x20000004   Data           4  stdio_streams.o(.data)
    __aeabi_stderr                           0x20000008   Data           4  stdio_streams.o(.data)
    PortNum                                  0x20000010   Data           5  thinktech_esp8266.o(.data..L_MergedGlobals)
    ServerIP                                 0x20000015   Data          15  thinktech_esp8266.o(.data..L_MergedGlobals)
    Wif_ssid                                 0x20000024   Data          31  thinktech_esp8266.o(.data..L_MergedGlobals)
    Wif_password                             0x20000043   Data          31  thinktech_esp8266.o(.data..L_MergedGlobals)
    spi_flag                                 0x20000064   Data           1  thinktech_mcp2515.o(.data..L_MergedGlobals)
    SPIdrv                                   0x20000068   Data           4  thinktech_mcp2515.o(.data..L_MergedGlobals)
    USART_RX_STA                             0x20000070   Data           2  system_m100.o(.data..L_MergedGlobals)
    UART_Console                             0x20000074   Data           4  system_m100.o(.data..L_MergedGlobals)
    SystemTicks                              0x20000078   Data           4  system_m100.o(.data..L_MergedGlobals)
    Frame_Cnt                                0x2000007c   Data           4  system_m100.o(.data..L_MergedGlobals)
    TimeOut_Cnt                              0x20000080   Data           4  system_m100.o(.data..L_MergedGlobals)
    RX_TEMP_BUF                              0x20000084   Data          10  system_m100.o(.data..L_MergedGlobals)
    cmd_tab                                  0x200000d8   Data          56  thinktech_cmd.o(.data.cmd_tab)
    __stdin                                  0x20000110   Data          84  stdio_streams.o(.bss)
    __stdout                                 0x20000164   Data          84  stdio_streams.o(.bss)
    __stderr                                 0x200001b8   Data          84  stdio_streams.o(.bss)
    __libspace_start                         0x2000020c   Data          96  libspace.o(.bss)
    __temporary_stack_top$libspace           0x2000026c   Data           0  libspace.o(.bss)
    RxFlay                                   0x20000270   Data           1  thinktech_obd.o(.bss..L_MergedGlobals)
    CotrolVale                               0x20000271   Data           1  thinktech_obd.o(.bss..L_MergedGlobals)
    VINRAM                                   0x20000272   Data          30  thinktech_obd.o(.bss..L_MergedGlobals)
    RxRAM                                    0x20000290   Data         100  thinktech_obd.o(.bss..L_MergedGlobals.28)
    RxRAMBuff                                0x20000300   Data         100  thinktech_obd.o(.bss..L_MergedGlobals.29)
    TxRAM                                    0x20000370   Data         100  thinktech_obd.o(.bss..L_MergedGlobals.30)
    ATCmd                                    0x200003e0   Data         100  thinktech_obd.o(.bss..L_MergedGlobals.31)
    DSRAM                                    0x20000450   Data         100  thinktech_obd.o(.bss..L_MergedGlobals.32)
    CAN_flag                                 0x200004b4   Data           1  thinktech_mcp2515.o(.bss.CAN_flag)
    DSStatus                                 0x2000057c   Data        3192  thinktech_obd.o(.bss.DSStatus)
    DTCRAM                                   0x200011f4   Data         200  thinktech_obd.o(.bss.DTCRAM)
    PCBUCode                                 0x200012c0   Data           5  thinktech_obd.o(.bss.PCBUCode)
    SystemCoreClock                          0x20001390   Data           4  system_m100.o(.bss.SystemCoreClock)
    USART_RX_BUF                             0x200013f4   Data         200  system_m100.o(.bss.USART_RX_BUF)
    s_ESP8266                                0x200014c0   Data        1320  thinktech_esp8266.o(.bss.s_ESP8266)



==============================================================================

Memory Map of the image

  Image Entry point : 0x10000129

  Load Region LR_IROM1 (Base: 0x10000000, Size: 0x00006e60, Max: 0x00100000, ABSOLUTE)

    Execution Region ER_IROM1 (Exec base: 0x10000000, Load base: 0x10000000, Size: 0x00006d48, Max: 0x00100000, ABSOLUTE)

    Exec Addr    Load Addr    Size         Type   Attr      Idx    E Section Name        Object

    0x10000000   0x10000000   0x00000128   Data   RO          788    RESET               startup_m100.o
    0x10000128   0x10000128   0x00000008   Code   RO          922  * !!!main             c_w.l(__main.o)
    0x10000130   0x10000130   0x00000034   Code   RO         1414    !!!scatter          c_w.l(__scatter.o)
    0x10000164   0x10000164   0x0000001a   Code   RO         1416    !!handler_copy      c_w.l(__scatter_copy.o)
    0x1000017e   0x1000017e   0x00000002   PAD
    0x10000180   0x10000180   0x0000001c   Code   RO         1418    !!handler_zi        c_w.l(__scatter_zi.o)
    0x1000019c   0x1000019c   0x00000000   Code   RO          903    .ARM.Collect$$_printf_percent$$00000000  c_w.l(_printf_percent.o)
    0x1000019c   0x1000019c   0x00000006   Code   RO          899    .ARM.Collect$$_printf_percent$$00000003  c_w.l(_printf_f.o)
    0x100001a2   0x100001a2   0x00000006   Code   RO          900    .ARM.Collect$$_printf_percent$$00000004  c_w.l(_printf_e.o)
    0x100001a8   0x100001a8   0x00000006   Code   RO          901    .ARM.Collect$$_printf_percent$$00000005  c_w.l(_printf_g.o)
    0x100001ae   0x100001ae   0x00000006   Code   RO          902    .ARM.Collect$$_printf_percent$$00000006  c_w.l(_printf_a.o)
    0x100001b4   0x100001b4   0x00000006   Code   RO          898    .ARM.Collect$$_printf_percent$$00000009  c_w.l(_printf_d.o)
    0x100001ba   0x100001ba   0x00000006   Code   RO          897    .ARM.Collect$$_printf_percent$$0000000C  c_w.l(_printf_x.o)
    0x100001c0   0x100001c0   0x00000006   Code   RO          896    .ARM.Collect$$_printf_percent$$00000014  c_w.l(_printf_s.o)
    0x100001c6   0x100001c6   0x00000004   Code   RO          999    .ARM.Collect$$_printf_percent$$00000017  c_w.l(_printf_percent_end.o)
    0x100001ca   0x100001ca   0x00000002   Code   RO         1217    .ARM.Collect$$libinit$$00000000  c_w.l(libinit.o)
    0x100001cc   0x100001cc   0x00000000   Code   RO         1219    .ARM.Collect$$libinit$$00000002  c_w.l(libinit2.o)
    0x100001cc   0x100001cc   0x00000000   Code   RO         1221    .ARM.Collect$$libinit$$00000004  c_w.l(libinit2.o)
    0x100001cc   0x100001cc   0x00000008   Code   RO         1222    .ARM.Collect$$libinit$$00000005  c_w.l(libinit2.o)
    0x100001d4   0x100001d4   0x00000000   Code   RO         1224    .ARM.Collect$$libinit$$0000000A  c_w.l(libinit2.o)
    0x100001d4   0x100001d4   0x00000000   Code   RO         1226    .ARM.Collect$$libinit$$0000000C  c_w.l(libinit2.o)
    0x100001d4   0x100001d4   0x00000000   Code   RO         1228    .ARM.Collect$$libinit$$0000000E  c_w.l(libinit2.o)
    0x100001d4   0x100001d4   0x00000006   Code   RO         1229    .ARM.Collect$$libinit$$0000000F  c_w.l(libinit2.o)
    0x100001da   0x100001da   0x00000000   Code   RO         1231    .ARM.Collect$$libinit$$00000011  c_w.l(libinit2.o)
    0x100001da   0x100001da   0x00000000   Code   RO         1233    .ARM.Collect$$libinit$$00000013  c_w.l(libinit2.o)
    0x100001da   0x100001da   0x00000000   Code   RO         1235    .ARM.Collect$$libinit$$00000015  c_w.l(libinit2.o)
    0x100001da   0x100001da   0x0000000a   Code   RO         1236    .ARM.Collect$$libinit$$00000016  c_w.l(libinit2.o)
    0x100001e4   0x100001e4   0x00000000   Code   RO         1237    .ARM.Collect$$libinit$$00000017  c_w.l(libinit2.o)
    0x100001e4   0x100001e4   0x00000000   Code   RO         1239    .ARM.Collect$$libinit$$00000019  c_w.l(libinit2.o)
    0x100001e4   0x100001e4   0x00000000   Code   RO         1241    .ARM.Collect$$libinit$$0000001B  c_w.l(libinit2.o)
    0x100001e4   0x100001e4   0x00000000   Code   RO         1243    .ARM.Collect$$libinit$$0000001D  c_w.l(libinit2.o)
    0x100001e4   0x100001e4   0x00000000   Code   RO         1245    .ARM.Collect$$libinit$$0000001F  c_w.l(libinit2.o)
    0x100001e4   0x100001e4   0x00000000   Code   RO         1247    .ARM.Collect$$libinit$$00000021  c_w.l(libinit2.o)
    0x100001e4   0x100001e4   0x00000000   Code   RO         1249    .ARM.Collect$$libinit$$00000023  c_w.l(libinit2.o)
    0x100001e4   0x100001e4   0x00000004   Code   RO         1250    .ARM.Collect$$libinit$$00000024  c_w.l(libinit2.o)
    0x100001e8   0x100001e8   0x00000000   Code   RO         1251    .ARM.Collect$$libinit$$00000025  c_w.l(libinit2.o)
    0x100001e8   0x100001e8   0x00000000   Code   RO         1255    .ARM.Collect$$libinit$$0000002C  c_w.l(libinit2.o)
    0x100001e8   0x100001e8   0x00000000   Code   RO         1257    .ARM.Collect$$libinit$$0000002E  c_w.l(libinit2.o)
    0x100001e8   0x100001e8   0x00000000   Code   RO         1259    .ARM.Collect$$libinit$$00000030  c_w.l(libinit2.o)
    0x100001e8   0x100001e8   0x00000000   Code   RO         1261    .ARM.Collect$$libinit$$00000032  c_w.l(libinit2.o)
    0x100001e8   0x100001e8   0x00000002   Code   RO         1262    .ARM.Collect$$libinit$$00000033  c_w.l(libinit2.o)
    0x100001ea   0x100001ea   0x00000002   Code   RO         1393    .ARM.Collect$$libshutdown$$00000000  c_w.l(libshutdown.o)
    0x100001ec   0x100001ec   0x00000000   Code   RO         1264    .ARM.Collect$$libshutdown$$00000002  c_w.l(libshutdown2.o)
    0x100001ec   0x100001ec   0x00000004   Code   RO         1265    .ARM.Collect$$libshutdown$$00000003  c_w.l(libshutdown2.o)
    0x100001f0   0x100001f0   0x00000000   Code   RO         1266    .ARM.Collect$$libshutdown$$00000004  c_w.l(libshutdown2.o)
    0x100001f0   0x100001f0   0x00000000   Code   RO         1269    .ARM.Collect$$libshutdown$$00000007  c_w.l(libshutdown2.o)
    0x100001f0   0x100001f0   0x00000000   Code   RO         1272    .ARM.Collect$$libshutdown$$0000000A  c_w.l(libshutdown2.o)
    0x100001f0   0x100001f0   0x00000000   Code   RO         1274    .ARM.Collect$$libshutdown$$0000000C  c_w.l(libshutdown2.o)
    0x100001f0   0x100001f0   0x00000000   Code   RO         1277    .ARM.Collect$$libshutdown$$0000000F  c_w.l(libshutdown2.o)
    0x100001f0   0x100001f0   0x00000002   Code   RO         1278    .ARM.Collect$$libshutdown$$00000010  c_w.l(libshutdown2.o)
    0x100001f2   0x100001f2   0x00000000   Code   RO          960    .ARM.Collect$$rtentry$$00000000  c_w.l(__rtentry.o)
    0x100001f2   0x100001f2   0x00000000   Code   RO         1035    .ARM.Collect$$rtentry$$00000002  c_w.l(__rtentry2.o)
    0x100001f2   0x100001f2   0x00000006   Code   RO         1047    .ARM.Collect$$rtentry$$00000004  c_w.l(__rtentry4.o)
    0x100001f8   0x100001f8   0x00000000   Code   RO         1037    .ARM.Collect$$rtentry$$00000009  c_w.l(__rtentry2.o)
    0x100001f8   0x100001f8   0x00000004   Code   RO         1038    .ARM.Collect$$rtentry$$0000000A  c_w.l(__rtentry2.o)
    0x100001fc   0x100001fc   0x00000000   Code   RO         1040    .ARM.Collect$$rtentry$$0000000C  c_w.l(__rtentry2.o)
    0x100001fc   0x100001fc   0x00000008   Code   RO         1041    .ARM.Collect$$rtentry$$0000000D  c_w.l(__rtentry2.o)
    0x10000204   0x10000204   0x00000002   Code   RO         1279    .ARM.Collect$$rtexit$$00000000  c_w.l(rtexit.o)
    0x10000206   0x10000206   0x00000000   Code   RO         1342    .ARM.Collect$$rtexit$$00000002  c_w.l(rtexit2.o)
    0x10000206   0x10000206   0x00000004   Code   RO         1343    .ARM.Collect$$rtexit$$00000003  c_w.l(rtexit2.o)
    0x1000020a   0x1000020a   0x00000006   Code   RO         1344    .ARM.Collect$$rtexit$$00000004  c_w.l(rtexit2.o)
    0x10000210   0x10000210   0x00000040   Code   RO          789    .text               startup_m100.o
    0x10000250   0x10000250   0x00000018   Code   RO          839    .text               c_w.l(__2printf.o)
    0x10000268   0x10000268   0x0000002c   Code   RO          841    .text               c_w.l(__2sprintf.o)
    0x10000294   0x10000294   0x0000004e   Code   RO          849    .text               c_w.l(_printf_pad.o)
    0x100002e2   0x100002e2   0x00000052   Code   RO          851    .text               c_w.l(_printf_str.o)
    0x10000334   0x10000334   0x00000078   Code   RO          853    .text               c_w.l(_printf_dec.o)
    0x100003ac   0x100003ac   0x00000094   Code   RO          873    .text               c_w.l(_printf_hex_int_ll_ptr.o)
    0x10000440   0x10000440   0x00000188   Code   RO          893    .text               c_w.l(__printf_flags_ss_wp.o)
    0x100005c8   0x100005c8   0x0000002c   Code   RO          904    .text               c_w.l(puts.o)
    0x100005f4   0x100005f4   0x00000024   Code   RO          906    .text               c_w.l(strstr.o)
    0x10000618   0x10000618   0x00000048   Code   RO          908    .text               c_w.l(strcpy.o)
    0x10000660   0x10000660   0x0000003e   Code   RO          910    .text               c_w.l(strlen.o)
    0x1000069e   0x1000069e   0x0000008a   Code   RO          912    .text               c_w.l(rt_memcpy_v6.o)
    0x10000728   0x10000728   0x0000004e   Code   RO          914    .text               c_w.l(rt_memclr_w.o)
    0x10000776   0x10000776   0x00000056   Code   RO          916    .text               c_w.l(strncpy.o)
    0x100007cc   0x100007cc   0x00000080   Code   RO          918    .text               c_w.l(strcmpv7m.o)
    0x1000084c   0x1000084c   0x00000006   Code   RO          920    .text               c_w.l(heapauxi.o)
    0x10000852   0x10000852   0x000000b2   Code   RO          963    .text               c_w.l(_printf_intcommon.o)
    0x10000904   0x10000904   0x0000041c   Code   RO          967    .text               c_w.l(_printf_fp_dec.o)
    0x10000d20   0x10000d20   0x000002fc   Code   RO          971    .text               c_w.l(_printf_fp_hex.o)
    0x1000101c   0x1000101c   0x00000030   Code   RO          974    .text               c_w.l(_printf_char_common.o)
    0x1000104c   0x1000104c   0x0000000a   Code   RO          976    .text               c_w.l(_sputc.o)
    0x10001056   0x10001056   0x0000002c   Code   RO          978    .text               c_w.l(_printf_char.o)
    0x10001082   0x10001082   0x00000002   PAD
    0x10001084   0x10001084   0x00000024   Code   RO          980    .text               c_w.l(_printf_char_file.o)
    0x100010a8   0x100010a8   0x00000064   Code   RO         1021    .text               c_w.l(rt_memcpy_w.o)
    0x1000110c   0x1000110c   0x00000044   Code   RO         1023    .text               c_w.l(rt_memclr.o)
    0x10001150   0x10001150   0x00000008   Code   RO         1052    .text               c_w.l(rt_locale_intlibspace.o)
    0x10001158   0x10001158   0x0000008a   Code   RO         1054    .text               c_w.l(lludiv10.o)
    0x100011e2   0x100011e2   0x00000002   PAD
    0x100011e4   0x100011e4   0x00000080   Code   RO         1056    .text               c_w.l(_printf_fp_infnan.o)
    0x10001264   0x10001264   0x000000e4   Code   RO         1062    .text               c_w.l(bigflt0.o)
    0x10001348   0x10001348   0x00000008   Code   RO         1089    .text               c_w.l(ferror.o)
    0x10001350   0x10001350   0x000001d6   Code   RO         1091    .text               c_w.l(flsbuf.o)
    0x10001526   0x10001526   0x00000002   PAD
    0x10001528   0x10001528   0x00000138   Code   RO         1093    .text               c_w.l(initio.o)
    0x10001660   0x10001660   0x00000008   Code   RO         1110    .text               c_w.l(libspace.o)
    0x10001668   0x10001668   0x0000004a   Code   RO         1115    .text               c_w.l(sys_stackheap_outer.o)
    0x100016b2   0x100016b2   0x0000005e   Code   RO         1123    .text               c_w.l(h1_alloc.o)
    0x10001710   0x10001710   0x0000004e   Code   RO         1125    .text               c_w.l(h1_free.o)
    0x1000175e   0x1000175e   0x00000046   Code   RO         1185    .text               c_w.l(setvbuf.o)
    0x100017a4   0x100017a4   0x000000f0   Code   RO         1187    .text               c_w.l(stdio.o)
    0x10001894   0x10001894   0x000000ec   Code   RO         1192    .text               c_w.l(fopen.o)
    0x10001980   0x10001980   0x0000004c   Code   RO         1194    .text               c_w.l(fclose.o)
    0x100019cc   0x100019cc   0x00000012   Code   RO         1204    .text               c_w.l(exit.o)
    0x100019de   0x100019de   0x0000000e   Code   RO         1206    .text               c_w.l(defsig_rtred_outer.o)
    0x100019ec   0x100019ec   0x00000008   Code   RO         1286    .text               c_w.l(rt_heap_descriptor_intlibspace.o)
    0x100019f4   0x100019f4   0x00000004   Code   RO         1288    .text               c_w.l(hguard.o)
    0x100019f8   0x100019f8   0x0000008a   Code   RO         1290    .text               c_w.l(init_alloc.o)
    0x10001a82   0x10001a82   0x0000000e   Code   RO         1294    .text               c_w.l(h1_init.o)
    0x10001a90   0x10001a90   0x000000f8   Code   RO         1314    .text               c_w.l(fseek.o)
    0x10001b88   0x10001b88   0x0000000a   Code   RO         1323    .text               c_w.l(defsig_exit.o)
    0x10001b92   0x10001b92   0x00000002   PAD
    0x10001b94   0x10001b94   0x00000034   Code   RO         1325    .text               c_w.l(defsig_rtred_inner.o)
    0x10001bc8   0x10001bc8   0x0000000c   Code   RO         1335    .text               c_w.l(sys_exit.o)
    0x10001bd4   0x10001bd4   0x00000000   Code   RO         1350    .text               c_w.l(maybetermalloc1.o)
    0x10001bd4   0x10001bd4   0x00000034   Code   RO         1352    .text               c_w.l(h1_extend.o)
    0x10001c08   0x10001c08   0x00000042   Code   RO         1356    .text               c_w.l(ftell.o)
    0x10001c4a   0x10001c4a   0x00000032   Code   RO         1360    .text               c_w.l(defsig_general.o)
    0x10001c7c   0x10001c7c   0x0000000e   Code   RO         1362    .text               c_w.l(defsig_rtmem_outer.o)
    0x10001c8a   0x10001c8a   0x0000000e   Code   RO         1373    .text               c_w.l(sys_wrch.o)
    0x10001c98   0x10001c98   0x00000002   Code   RO         1377    .text               c_w.l(use_no_semi.o)
    0x10001c9a   0x10001c9a   0x00000000   Code   RO         1379    .text               c_w.l(indicate_semi.o)
    0x10001c9a   0x10001c9a   0x00000002   PAD
    0x10001c9c   0x10001c9c   0x00000008   Code   RO         1383    .text               c_w.l(rt_errno_addr_intlibspace.o)
    0x10001ca4   0x10001ca4   0x00000050   Code   RO         1387    .text               c_w.l(defsig_rtmem_inner.o)
    0x10001cf4   0x10001cf4   0x00000048   Code   RO          147    .text.CAN_Receive_Buffer  thinktech_mcp2515.o
    0x10001d3c   0x10001d3c   0x00000060   Code   RO          145    .text.CAN_Send_Buffer  thinktech_mcp2515.o
    0x10001d9c   0x10001d9c   0x00000390   Code   RO          165    .text.CMD_Drv       thinktech_cmd.o
    0x1000212c   0x1000212c   0x0000001c   Code   RO          109    .text.Clean_ESP8266_RX_BUF  thinktech_esp8266.o
    0x10002148   0x10002148   0x00000018   Code   RO          798    .text.Clean_RX_BUF  system_m100.o
    0x10002160   0x10002160   0x00000028   Code   RO          344    .text.Clear_Channel_active_flag  gpdma_mizar.o
    0x10002188   0x10002188   0x0000000e   Code   RO          219    .text.Formula000    formula.o
    0x10002196   0x10002196   0x00000002   PAD
    0x10002198   0x10002198   0x00000018   Code   RO          221    .text.Formula001    formula.o
    0x100021b0   0x100021b0   0x00000010   Code   RO          223    .text.Formula002    formula.o
    0x100021c0   0x100021c0   0x00000010   Code   RO          225    .text.Formula003    formula.o
    0x100021d0   0x100021d0   0x00000010   Code   RO          227    .text.Formula004    formula.o
    0x100021e0   0x100021e0   0x00000010   Code   RO          229    .text.Formula005    formula.o
    0x100021f0   0x100021f0   0x00000010   Code   RO          231    .text.Formula006    formula.o
    0x10002200   0x10002200   0x00000010   Code   RO          233    .text.Formula007    formula.o
    0x10002210   0x10002210   0x00000010   Code   RO          235    .text.Formula008    formula.o
    0x10002220   0x10002220   0x00000010   Code   RO          237    .text.Formula009    formula.o
    0x10002230   0x10002230   0x00000010   Code   RO          239    .text.Formula010    formula.o
    0x10002240   0x10002240   0x00000018   Code   RO          241    .text.Formula011    formula.o
    0x10002258   0x10002258   0x00000010   Code   RO          243    .text.Formula012    formula.o
    0x10002268   0x10002268   0x00000010   Code   RO          245    .text.Formula013    formula.o
    0x10002278   0x10002278   0x00000010   Code   RO          247    .text.Formula014    formula.o
    0x10002288   0x10002288   0x00000018   Code   RO          249    .text.Formula015    formula.o
    0x100022a0   0x100022a0   0x00000034   Code   RO          251    .text.Formula016    formula.o
    0x100022d4   0x100022d4   0x00000078   Code   RO          253    .text.Formula017    formula.o
    0x1000234c   0x1000234c   0x00000020   Code   RO          255    .text.Formula018    formula.o
    0x1000236c   0x1000236c   0x0000000c   Code   RO          257    .text.Formula019    formula.o
    0x10002378   0x10002378   0x00000028   Code   RO          259    .text.Formula020    formula.o
    0x100023a0   0x100023a0   0x0000000e   Code   RO          261    .text.Formula021    formula.o
    0x100023ae   0x100023ae   0x0000000a   Code   RO          263    .text.Formula022    formula.o
    0x100023b8   0x100023b8   0x00000020   Code   RO          265    .text.Formula023    formula.o
    0x100023d8   0x100023d8   0x00000028   Code   RO          267    .text.Formula024    formula.o
    0x10002400   0x10002400   0x00000020   Code   RO          269    .text.Formula025    formula.o
    0x10002420   0x10002420   0x0000004c   Code   RO          271    .text.Formula026    formula.o
    0x1000246c   0x1000246c   0x0000007c   Code   RO          273    .text.Formula027    formula.o
    0x100024e8   0x100024e8   0x0000002c   Code   RO          275    .text.Formula028    formula.o
    0x10002514   0x10002514   0x00000028   Code   RO          277    .text.Formula029    formula.o
    0x1000253c   0x1000253c   0x00000030   Code   RO          279    .text.Formula030    formula.o
    0x1000256c   0x1000256c   0x00000084   Code   RO          281    .text.Formula031    formula.o
    0x100025f0   0x100025f0   0x00000018   Code   RO          283    .text.Formula032    formula.o
    0x10002608   0x10002608   0x0000000e   Code   RO          285    .text.Formula033    formula.o
    0x10002616   0x10002616   0x00000002   PAD
    0x10002618   0x10002618   0x0000002c   Code   RO          287    .text.Formula034    formula.o
    0x10002644   0x10002644   0x00000016   Code   RO          289    .text.Formula035    formula.o
    0x1000265a   0x1000265a   0x00000002   PAD
    0x1000265c   0x1000265c   0x00000024   Code   RO          291    .text.Formula036    formula.o
    0x10002680   0x10002680   0x00000028   Code   RO          293    .text.Formula037    formula.o
    0x100026a8   0x100026a8   0x00000030   Code   RO          295    .text.Formula038    formula.o
    0x100026d8   0x100026d8   0x00000020   Code   RO          297    .text.Formula039    formula.o
    0x100026f8   0x100026f8   0x0000001c   Code   RO          299    .text.Formula040    formula.o
    0x10002714   0x10002714   0x0000002c   Code   RO          301    .text.Formula041    formula.o
    0x10002740   0x10002740   0x0000002c   Code   RO          303    .text.Formula042    formula.o
    0x1000276c   0x1000276c   0x00000028   Code   RO          305    .text.Formula043    formula.o
    0x10002794   0x10002794   0x00000040   Code   RO          307    .text.Formula044    formula.o
    0x100027d4   0x100027d4   0x00000020   Code   RO          309    .text.Formula045    formula.o
    0x100027f4   0x100027f4   0x0000001a   Code   RO          311    .text.Formula046    formula.o
    0x1000280e   0x1000280e   0x00000002   PAD
    0x10002810   0x10002810   0x00000030   Code   RO          313    .text.Formula047    formula.o
    0x10002840   0x10002840   0x0000002c   Code   RO          315    .text.Formula048    formula.o
    0x1000286c   0x1000286c   0x0000002c   Code   RO          317    .text.Formula049    formula.o
    0x10002898   0x10002898   0x0000001c   Code   RO          319    .text.Formula050    formula.o
    0x100028b4   0x100028b4   0x000000f0   Code   RO          354    .text.GPDMA_COMBINE_IRQHandler  gpdma_mizar.o
    0x100029a4   0x100029a4   0x000000c0   Code   RO          340    .text.GPDMA_ChannelConfigure  gpdma_mizar.o
    0x10002a64   0x10002a64   0x00000028   Code   RO          348    .text.GPDMA_ChannelDisable  gpdma_mizar.o
    0x10002a8c   0x10002a8c   0x00000028   Code   RO          352    .text.GPDMA_ChannelGetCount  gpdma_mizar.o
    0x10002ab4   0x10002ab4   0x0000005c   Code   RO          336    .text.GPDMA_Initialize  gpdma_mizar.o
    0x10002b10   0x10002b10   0x0000003c   Code   RO          338    .text.GPDMA_Uninitialize  gpdma_mizar.o
    0x10002b4c   0x10002b4c   0x00000010   Code   RO          149    .text.GPIO4_IRQHandler  thinktech_mcp2515.o
    0x10002b5c   0x10002b5c   0x00000084   Code   RO          380    .text.GPIO_PinIntCfg  gpio_mizar.o
    0x10002be0   0x10002be0   0x00000018   Code   RO          388    .text.GPIO_PinIntClear  gpio_mizar.o
    0x10002bf8   0x10002bf8   0x0000001c   Code   RO          382    .text.GPIO_PinIntEnable  gpio_mizar.o
    0x10002c14   0x10002c14   0x00000020   Code   RO          370    .text.GPIO_PinSetDirection  gpio_mizar.o
    0x10002c34   0x10002c34   0x00000028   Code   RO          804    .text.GetSystemClock  system_m100.o
    0x10002c5c   0x10002c5c   0x00000004   Code   RO          186    .text.ISO15765_4_Config  thinktech_obd.o
    0x10002c60   0x10002c60   0x00000148   Code   RO          194    .text.ISO15765_4_DS  thinktech_obd.o
    0x10002da8   0x10002da8   0x0000006c   Code   RO          190    .text.ISO15765_4_DTC  thinktech_obd.o
    0x10002e14   0x10002e14   0x000001e4   Code   RO          188    .text.ISO15765_4_Drv  thinktech_obd.o
    0x10002ff8   0x10002ff8   0x00000038   Code   RO          196    .text.ISO15765_4_VIN  thinktech_obd.o
    0x10003030   0x10003030   0x00000224   Code   RO          143    .text.MCP2515_Init  thinktech_mcp2515.o
    0x10003254   0x10003254   0x00000030   Code   RO          139    .text.MCP2515_ReadByte  thinktech_mcp2515.o
    0x10003284   0x10003284   0x00000020   Code   RO          141    .text.MCP2515_Reset  thinktech_mcp2515.o
    0x100032a4   0x100032a4   0x00000028   Code   RO          137    .text.MCP2515_WriteByte  thinktech_mcp2515.o
    0x100032cc   0x100032cc   0x0000000c   Code   RO          411    .text.MISC_Disable_DMAC  misc_mizar.o
    0x100032d8   0x100032d8   0x0000000c   Code   RO          431    .text.MISC_Disable_SSP0  misc_mizar.o
    0x100032e4   0x100032e4   0x0000000c   Code   RO          427    .text.MISC_Disable_UART1  misc_mizar.o
    0x100032f0   0x100032f0   0x00000010   Code   RO          409    .text.MISC_Enable_DMAC  misc_mizar.o
    0x10003300   0x10003300   0x00000010   Code   RO          429    .text.MISC_Enable_SSP0  misc_mizar.o
    0x10003310   0x10003310   0x00000014   Code   RO          425    .text.MISC_Enable_UART1  misc_mizar.o
    0x10003324   0x10003324   0x00000094   Code   RO          180    .text.PCBU          thinktech_obd.o
    0x100033b8   0x100033b8   0x0000008c   Code   RO          192    .text.ReadyDSStatus  thinktech_obd.o
    0x10003444   0x10003444   0x00000010   Code   RO          131    .text.SPI_callback_func  thinktech_mcp2515.o
    0x10003454   0x10003454   0x00000008   Code   RO          515    .text.SSP0_COMBINE_IRQHandler  ssp_mizar.o
    0x1000345c   0x1000345c   0x00000008   Code   RO          537    .text.SSP0_Control  ssp_mizar.o
    0x10003464   0x10003464   0x00000008   Code   RO          513    .text.SSP0_GPDMA_Rx_SignalEvent  ssp_mizar.o
    0x1000346c   0x1000346c   0x00000018   Code   RO          511    .text.SSP0_GPDMA_Tx_SignalEvent  ssp_mizar.o
    0x10003484   0x10003484   0x00000008   Code   RO          535    .text.SSP0_GetDataCount  ssp_mizar.o
    0x1000348c   0x1000348c   0x00000008   Code   RO          539    .text.SSP0_GetStatus  ssp_mizar.o
    0x10003494   0x10003494   0x00000014   Code   RO          523    .text.SSP0_Initialize  ssp_mizar.o
    0x100034a8   0x100034a8   0x00000008   Code   RO          527    .text.SSP0_PowerControl  ssp_mizar.o
    0x100034b0   0x100034b0   0x00000008   Code   RO          531    .text.SSP0_Receive  ssp_mizar.o
    0x100034b8   0x100034b8   0x00000008   Code   RO          529    .text.SSP0_Send     ssp_mizar.o
    0x100034c0   0x100034c0   0x00000008   Code   RO          533    .text.SSP0_Transfer  ssp_mizar.o
    0x100034c8   0x100034c8   0x00000014   Code   RO          525    .text.SSP0_Uninitialize  ssp_mizar.o
    0x100034dc   0x100034dc   0x00000008   Code   RO          545    .text.SSP1_COMBINE_IRQHandler  ssp_mizar.o
    0x100034e4   0x100034e4   0x0000000c   Code   RO          543    .text.SSP1_GPDMA_Rx_SignalEvent  ssp_mizar.o
    0x100034f0   0x100034f0   0x00000018   Code   RO          541    .text.SSP1_GPDMA_Tx_SignalEvent  ssp_mizar.o
    0x10003508   0x10003508   0x00000008   Code   RO          569    .text.SSP2_COMBINE_IRQHandler  ssp_mizar.o
    0x10003510   0x10003510   0x0000000c   Code   RO          567    .text.SSP2_GPDMA_Rx_SignalEvent  ssp_mizar.o
    0x1000351c   0x1000351c   0x00000018   Code   RO          565    .text.SSP2_GPDMA_Tx_SignalEvent  ssp_mizar.o
    0x10003534   0x10003534   0x00000008   Code   RO          593    .text.SSP3_COMBINE_IRQHandler  ssp_mizar.o
    0x1000353c   0x1000353c   0x0000000c   Code   RO          591    .text.SSP3_GPDMA_Rx_SignalEvent  ssp_mizar.o
    0x10003548   0x10003548   0x00000018   Code   RO          589    .text.SSP3_GPDMA_Tx_SignalEvent  ssp_mizar.o
    0x10003560   0x10003560   0x00000004   Code   RO          521    .text.SSP_GetCapabilities  ssp_mizar.o
    0x10003564   0x10003564   0x00000008   Code   RO          519    .text.SSP_GetVersion  ssp_mizar.o
    0x1000356c   0x1000356c   0x000002c4   Code   RO          627    .text.SSPx_Control  ssp_mizar.o
    0x10003830   0x10003830   0x00000022   Code   RO          509    .text.SSPx_GPDMA_Rx_SignalEvent  ssp_mizar.o
    0x10003852   0x10003852   0x0000001c   Code   RO          625    .text.SSPx_GetDataCount  ssp_mizar.o
    0x1000386e   0x1000386e   0x0000003a   Code   RO          629    .text.SSPx_GetStatus  ssp_mizar.o
    0x100038a8   0x100038a8   0x000000d2   Code   RO          517    .text.SSPx_IRQHandler  ssp_mizar.o
    0x1000397a   0x1000397a   0x00000032   Code   RO          613    .text.SSPx_Initialize  ssp_mizar.o
    0x100039ac   0x100039ac   0x000000dc   Code   RO          617    .text.SSPx_PowerControl  ssp_mizar.o
    0x10003a88   0x10003a88   0x000000dc   Code   RO          621    .text.SSPx_Receive  ssp_mizar.o
    0x10003b64   0x10003b64   0x000000dc   Code   RO          619    .text.SSPx_Send     ssp_mizar.o
    0x10003c40   0x10003c40   0x000000d4   Code   RO          623    .text.SSPx_Transfer  ssp_mizar.o
    0x10003d14   0x10003d14   0x00000018   Code   RO          615    .text.SSPx_Uninitialize  ssp_mizar.o
    0x10003d2c   0x10003d2c   0x000001bc   Code   RO          184    .text.Send_CANFrame  thinktech_obd.o
    0x10003ee8   0x10003ee8   0x00000024   Code   RO          818    .text.SetPllFreq    system_m100.o
    0x10003f0c   0x10003f0c   0x00000028   Code   RO          342    .text.Set_Channel_active_flag  gpdma_mizar.o
    0x10003f34   0x10003f34   0x00000070   Code   RO          812    .text.SysTick_Handler  system_m100.o
    0x10003fa4   0x10003fa4   0x00000024   Code   RO          806    .text.SystemCoreClockUpdate  system_m100.o
    0x10003fc8   0x10003fc8   0x00000084   Code   RO          816    .text.SystemInit    system_m100.o
    0x1000404c   0x1000404c   0x0000001c   Code   RO           48    .text.TMR_Drv       thinktech_timer.o
    0x10004068   0x10004068   0x0000000c   Code   RO          664    .text.UART0_COMBINE_IRQHandler  usart_mizar.o
    0x10004074   0x10004074   0x00000008   Code   RO          694    .text.UART1_COMBINE_IRQHandler  usart_mizar.o
    0x1000407c   0x1000407c   0x00000126   Code   RO          660    .text.UART_COMBINE_IRQHandler  usart_mizar.o
    0x100041a2   0x100041a2   0x00000002   PAD
    0x100041a4   0x100041a4   0x00000058   Code   RO          800    .text.UART_callback  system_m100.o
    0x100041fc   0x100041fc   0x00000008   Code   RO          714    .text.USART1_Control  usart_mizar.o
    0x10004204   0x10004204   0x00000008   Code   RO          696    .text.USART1_GetCapabilities  usart_mizar.o
    0x1000420c   0x1000420c   0x00000008   Code   RO          720    .text.USART1_GetModemStatus  usart_mizar.o
    0x10004214   0x10004214   0x00000008   Code   RO          712    .text.USART1_GetRxCount  usart_mizar.o
    0x1000421c   0x1000421c   0x00000008   Code   RO          716    .text.USART1_GetStatus  usart_mizar.o
    0x10004224   0x10004224   0x00000008   Code   RO          710    .text.USART1_GetTxCount  usart_mizar.o
    0x1000422c   0x1000422c   0x0000003c   Code   RO          698    .text.USART1_Initialize  usart_mizar.o
    0x10004268   0x10004268   0x00000004   Code   RO          702    .text.USART1_PowerControl  usart_mizar.o
    0x1000426c   0x1000426c   0x00000008   Code   RO          706    .text.USART1_Receive  usart_mizar.o
    0x10004274   0x10004274   0x00000008   Code   RO          704    .text.USART1_Send   usart_mizar.o
    0x1000427c   0x1000427c   0x00000008   Code   RO          718    .text.USART1_SetModemControl  usart_mizar.o
    0x10004284   0x10004284   0x00000020   Code   RO          708    .text.USART1_Transfer  usart_mizar.o
    0x100042a4   0x100042a4   0x00000014   Code   RO          700    .text.USART1_Uninitialize  usart_mizar.o
    0x100042b8   0x100042b8   0x00000028   Code   RO          796    .text.USART_Check_Cmd  system_m100.o
    0x100042e0   0x100042e0   0x0000012a   Code   RO          734    .text.USART_Control  usart_mizar.o
    0x1000440a   0x1000440a   0x0000008e   Code   RO          740    .text.USART_GetModemStatus  usart_mizar.o
    0x10004498   0x10004498   0x00000010   Code   RO          732    .text.USART_GetRxCount  usart_mizar.o
    0x100044a8   0x100044a8   0x00000082   Code   RO          736    .text.USART_GetStatus  usart_mizar.o
    0x1000452a   0x1000452a   0x00000010   Code   RO          730    .text.USART_GetTxCount  usart_mizar.o
    0x1000453a   0x1000453a   0x00000002   PAD
    0x1000453c   0x1000453c   0x000000ac   Code   RO          722    .text.USART_Initialize  usart_mizar.o
    0x100045e8   0x100045e8   0x00000098   Code   RO          728    .text.USART_Receive  usart_mizar.o
    0x10004680   0x10004680   0x0000004c   Code   RO          662    .text.USART_RxLineIntHandler  usart_mizar.o
    0x100046cc   0x100046cc   0x000000f4   Code   RO          726    .text.USART_Send    usart_mizar.o
    0x100047c0   0x100047c0   0x00000066   Code   RO          738    .text.USART_SetModemControl  usart_mizar.o
    0x10004826   0x10004826   0x00000002   PAD
    0x10004828   0x10004828   0x00000070   Code   RO          724    .text.USART_Uninitialize  usart_mizar.o
    0x10004898   0x10004898   0x00000008   Code   RO          666    .text.USARTx_GetVersion  usart_mizar.o
    0x100048a0   0x100048a0   0x00000012   Code   RO          761    .text._sys_close    retarget_io.o
    0x100048b2   0x100048b2   0x00000004   Code   RO          771    .text._sys_flen     retarget_io.o
    0x100048b6   0x100048b6   0x00000010   Code   RO          767    .text._sys_istty    retarget_io.o
    0x100048c6   0x100048c6   0x00000002   PAD
    0x100048c8   0x100048c8   0x00000058   Code   RO          759    .text._sys_open     retarget_io.o
    0x10004920   0x10004920   0x00000006   Code   RO          769    .text._sys_seek     retarget_io.o
    0x10004926   0x10004926   0x00000030   Code   RO          763    .text._sys_write    retarget_io.o
    0x10004956   0x10004956   0x00000002   PAD
    0x10004958   0x10004958   0x00000088   Code   RO            2    .text.main          bsp_test.o
    0x100049e0   0x100049e0   0x0000000a   Code   RO          810    .text.mdelay        system_m100.o
    0x100049ea   0x100049ea   0x00000002   PAD
    0x100049ec   0x100049ec   0x0000008c   Code   RO          802    .text.stdout_putchar  system_m100.o
    0x10004a78   0x10004a78   0x00000038   Code   RO          808    .text.udelay        system_m100.o
    0x10004ab0   0x10004ab0   0x0000003e   Code   RO         1065    CL$$btod_d2e        c_w.l(btod.o)
    0x10004aee   0x10004aee   0x00000046   Code   RO         1067    CL$$btod_d2e_denorm_low  c_w.l(btod.o)
    0x10004b34   0x10004b34   0x00000060   Code   RO         1066    CL$$btod_d2e_norm_op1  c_w.l(btod.o)
    0x10004b94   0x10004b94   0x00000338   Code   RO         1075    CL$$btod_div_common  c_w.l(btod.o)
    0x10004ecc   0x10004ecc   0x000000dc   Code   RO         1072    CL$$btod_e2e        c_w.l(btod.o)
    0x10004fa8   0x10004fa8   0x0000002a   Code   RO         1069    CL$$btod_ediv       c_w.l(btod.o)
    0x10004fd2   0x10004fd2   0x0000002a   Code   RO         1068    CL$$btod_emul       c_w.l(btod.o)
    0x10004ffc   0x10004ffc   0x00000244   Code   RO         1074    CL$$btod_mult_common  c_w.l(btod.o)
    0x10005240   0x10005240   0x00000028   Code   RO         1108    i.__ARM_fpclassify  m_ws.l(fpclassify.o)
    0x10005268   0x10005268   0x0000000e   Code   RO          886    i._is_digit         c_w.l(__printf_wp.o)
    0x10005276   0x10005276   0x0000001a   Code   RO         1010    i.fputc             c_w.l(fputc.o)
    0x10005290   0x10005290   0x0000002c   Code   RO         1102    locale$$code        c_w.l(lc_numeric_c.o)
    0x100052bc   0x100052bc   0x00000062   Code   RO          924    x$fpl$d2f           fz_ws.l(d2f.o)
    0x1000531e   0x1000531e   0x00000002   PAD
    0x10005320   0x10005320   0x00000150   Code   RO          926    x$fpl$dadd          fz_ws.l(daddsub_clz.o)
    0x10005470   0x10005470   0x000002b0   Code   RO          933    x$fpl$ddiv          fz_ws.l(ddiv.o)
    0x10005720   0x10005720   0x0000002e   Code   RO          937    x$fpl$dflt          fz_ws.l(dflt_clz.o)
    0x1000574e   0x1000574e   0x00000026   Code   RO          936    x$fpl$dfltu         fz_ws.l(dflt_clz.o)
    0x10005774   0x10005774   0x00000154   Code   RO          942    x$fpl$dmul          fz_ws.l(dmul.o)
    0x100058c8   0x100058c8   0x0000009c   Code   RO         1025    x$fpl$dnaninf       fz_ws.l(dnaninf.o)
    0x10005964   0x10005964   0x0000000c   Code   RO         1027    x$fpl$dretinf       fz_ws.l(dretinf.o)
    0x10005970   0x10005970   0x000001d4   Code   RO          928    x$fpl$dsub          fz_ws.l(daddsub_clz.o)
    0x10005b44   0x10005b44   0x00000056   Code   RO          944    x$fpl$f2d           fz_ws.l(f2d.o)
    0x10005b9a   0x10005b9a   0x00000002   PAD
    0x10005b9c   0x10005b9c   0x00000030   Code   RO          947    x$fpl$fflt          fz_ws.l(fflt_clz.o)
    0x10005bcc   0x10005bcc   0x00000026   Code   RO          946    x$fpl$ffltu         fz_ws.l(fflt_clz.o)
    0x10005bf2   0x10005bf2   0x0000008c   Code   RO         1029    x$fpl$fnaninf       fz_ws.l(fnaninf.o)
    0x10005c7e   0x10005c7e   0x0000000a   Code   RO         1031    x$fpl$fretinf       fz_ws.l(fretinf.o)
    0x10005c88   0x10005c88   0x00000004   Code   RO          952    x$fpl$printf1       fz_ws.l(printf1.o)
    0x10005c8c   0x10005c8c   0x00000004   Code   RO          954    x$fpl$printf2       fz_ws.l(printf2.o)
    0x10005c90   0x10005c90   0x00000000   Code   RO         1033    x$fpl$usenofp       fz_ws.l(usenofp.o)
    0x10005c90   0x10005c90   0x00000028   Data   RO          874    .constdata          c_w.l(_printf_hex_int_ll_ptr.o)
    0x10005cb8   0x10005cb8   0x00000011   Data   RO          894    .constdata          c_w.l(__printf_flags_ss_wp.o)
    0x10005cc9   0x10005cc9   0x00000026   Data   RO          972    .constdata          c_w.l(_printf_fp_hex.o)
    0x10005cef   0x10005cef   0x00000001   PAD
    0x10005cf0   0x10005cf0   0x00000094   Data   RO         1063    .constdata          c_w.l(bigflt0.o)
    0x10005d84   0x10005d84   0x0000000c   PAD
    0x10005d90   0x10005d90   0x0000002c   Data   RO          323    .rodata..Lswitch.table.Formula030  formula.o
    0x10005dbc   0x10005dbc   0x00000004   PAD
    0x10005dc0   0x10005dc0   0x0000003c   Data   RO          324    .rodata..Lswitch.table.Formula044  formula.o
    0x10005dfc   0x10005dfc   0x00000970   Data   RO          322    .rodata.DSControl   formula.o
    0x1000676c   0x1000676c   0x0000002c   Data   RO          632    .rodata.Driver_SPI0  ssp_mizar.o
    0x10006798   0x10006798   0x00000038   Data   RO          743    .rodata.Driver_USART1  usart_mizar.o
    0x100067d0   0x100067d0   0x00000020   Data   RO          631    .rodata.SSP0_Resources  ssp_mizar.o
    0x100067f0   0x100067f0   0x00000020   Data   RO          633    .rodata.SSP1_Resources  ssp_mizar.o
    0x10006810   0x10006810   0x00000020   Data   RO          635    .rodata.SSP2_Resources  ssp_mizar.o
    0x10006830   0x10006830   0x00000020   Data   RO          637    .rodata.SSP3_Resources  ssp_mizar.o
    0x10006850   0x10006850   0x00000008   Data   RO          775    .rodata.__stderr_name  retarget_io.o
    0x10006858   0x10006858   0x00000007   Data   RO          773    .rodata.__stdin_name  retarget_io.o
    0x1000685f   0x1000685f   0x00000008   Data   RO          774    .rodata.__stdout_name  retarget_io.o
    0x10006867   0x10006867   0x0000001d   Data   RO          152    .rodata.str1.1      thinktech_mcp2515.o
    0x10006884   0x10006884   0x000000d3   Data   RO          167    .rodata.str1.1      thinktech_cmd.o
    0x10006957   0x10006957   0x0000001a   Data   RO          199    .rodata.str1.1      thinktech_obd.o
    0x10006971   0x10006971   0x00000398   Data   RO          321    .rodata.str1.1      formula.o
    0x10006d09   0x10006d09   0x00000003   PAD
    0x10006d0c   0x10006d0c   0x00000020   Data   RO         1412    Region$$Table       anon$$obj.o
    0x10006d2c   0x10006d2c   0x0000001c   Data   RO         1101    locale$$data        c_w.l(lc_numeric_c.o)


    Execution Region RW_IRAM1 (Exec base: 0x20000000, Load base: 0x10006d50, Size: 0x000035f8, Max: 0x00028000, ABSOLUTE)

    Exec Addr    Load Addr    Size         Type   Attr      Idx    E Section Name        Object

    0x20000000   0x10006d50   0x00000004   Data   RW         1016    .data               c_w.l(stdio_streams.o)
    0x20000004   0x10006d54   0x00000004   Data   RW         1017    .data               c_w.l(stdio_streams.o)
    0x20000008   0x10006d58   0x00000004   Data   RW         1018    .data               c_w.l(stdio_streams.o)
    0x2000000c   0x10006d5c   0x00000004   PAD
    0x20000010   0x10006d60   0x00000052   Data   RW          118    .data..L_MergedGlobals  thinktech_esp8266.o
    0x20000062   0x10006db2   0x00000002   PAD
    0x20000064   0x10006db4   0x00000008   Data   RW          153    .data..L_MergedGlobals  thinktech_mcp2515.o
    0x2000006c   0x10006dbc   0x00000004   PAD
    0x20000070   0x10006dc0   0x00000020   Data   RW          824    .data..L_MergedGlobals  system_m100.o
    0x20000090   0x10006de0   0x00000024   Data   RW          745    .data.USART0_Resources  usart_mizar.o
    0x200000b4   0x10006e04   0x00000024   Data   RW          747    .data.USART1_Resources  usart_mizar.o
    0x200000d8   0x10006e28   0x00000038   Data   RW          168    .data.cmd_tab       thinktech_cmd.o
    0x20000110        -       0x00000054   Zero   RW         1013    .bss                c_w.l(stdio_streams.o)
    0x20000164        -       0x00000054   Zero   RW         1014    .bss                c_w.l(stdio_streams.o)
    0x200001b8        -       0x00000054   Zero   RW         1015    .bss                c_w.l(stdio_streams.o)
    0x2000020c        -       0x00000060   Zero   RW         1111    .bss                c_w.l(libspace.o)
    0x2000026c   0x10006e60   0x00000004   PAD
    0x20000270        -       0x00000020   Zero   RW          202    .bss..L_MergedGlobals  thinktech_obd.o
    0x20000290        -       0x00000064   Zero   RW          203    .bss..L_MergedGlobals.28  thinktech_obd.o
    0x200002f4   0x10006e60   0x0000000c   PAD
    0x20000300        -       0x00000064   Zero   RW          204    .bss..L_MergedGlobals.29  thinktech_obd.o
    0x20000364   0x10006e60   0x0000000c   PAD
    0x20000370        -       0x00000064   Zero   RW          205    .bss..L_MergedGlobals.30  thinktech_obd.o
    0x200003d4   0x10006e60   0x0000000c   PAD
    0x200003e0        -       0x00000064   Zero   RW          206    .bss..L_MergedGlobals.31  thinktech_obd.o
    0x20000444   0x10006e60   0x0000000c   PAD
    0x20000450        -       0x00000064   Zero   RW          207    .bss..L_MergedGlobals.32  thinktech_obd.o
    0x200004b4        -       0x00000001   Zero   RW          151    .bss.CAN_flag       thinktech_mcp2515.o
    0x200004b5   0x10006e60   0x00000003   PAD
    0x200004b8        -       0x00000004   Zero   RW          358    .bss.Channel_active  gpdma_mizar.o
    0x200004bc        -       0x000000c0   Zero   RW          357    .bss.Channel_info   gpdma_mizar.o
    0x2000057c        -       0x00000c78   Zero   RW          201    .bss.DSStatus       thinktech_obd.o
    0x200011f4        -       0x000000c8   Zero   RW          200    .bss.DTCRAM         thinktech_obd.o
    0x200012bc        -       0x00000004   Zero   RW          356    .bss.Init_cnt       gpdma_mizar.o
    0x200012c0        -       0x00000005   Zero   RW          198    .bss.PCBUCode       thinktech_obd.o
    0x200012c5   0x10006e60   0x00000003   PAD
    0x200012c8        -       0x0000000c   Zero   RW          639    .bss.SSP0_Info      ssp_mizar.o
    0x200012d4        -       0x00000024   Zero   RW          640    .bss.SSP0_Xfer      ssp_mizar.o
    0x200012f8        -       0x0000000c   Zero   RW          643    .bss.SSP1_Info      ssp_mizar.o
    0x20001304        -       0x00000024   Zero   RW          644    .bss.SSP1_Xfer      ssp_mizar.o
    0x20001328        -       0x0000000c   Zero   RW          645    .bss.SSP2_Info      ssp_mizar.o
    0x20001334        -       0x00000024   Zero   RW          646    .bss.SSP2_Xfer      ssp_mizar.o
    0x20001358        -       0x0000000c   Zero   RW          647    .bss.SSP3_Info      ssp_mizar.o
    0x20001364        -       0x00000024   Zero   RW          648    .bss.SSP3_Xfer      ssp_mizar.o
    0x20001388        -       0x00000004   Zero   RW          642    .bss.SSPx_Receive.dummy_data  ssp_mizar.o
    0x2000138c        -       0x00000004   Zero   RW          641    .bss.SSPx_Send.dummy_data  ssp_mizar.o
    0x20001390        -       0x00000004   Zero   RW          822    .bss.SystemCoreClock  system_m100.o
    0x20001394        -       0x00000030   Zero   RW          744    .bss.USART0_Info    usart_mizar.o
    0x200013c4        -       0x00000030   Zero   RW          746    .bss.USART1_Info    usart_mizar.o
    0x200013f4        -       0x000000c8   Zero   RW          820    .bss.USART_RX_BUF   system_m100.o
    0x200014bc        -       0x00000004   Zero   RW          823    .bss.faction_us     system_m100.o
    0x200014c0        -       0x00000528   Zero   RW          115    .bss.s_ESP8266      thinktech_esp8266.o
    0x200019e8        -       0x0000000c   Zero   RW           50    .bss.s_TMR          thinktech_timer.o
    0x200019f4        -       0x00000001   Zero   RW          821    .bss.stdout_putchar.stdout_initialized  system_m100.o
    0x200019f5   0x10006e60   0x00000003   PAD
    0x200019f8        -       0x00000c00   Zero   RW          787    HEAP                startup_m100.o
    0x200025f8        -       0x00001000   Zero   RW          786    STACK               startup_m100.o


==============================================================================

Image component sizes


      Code (inc. data)   RO Data    RW Data    ZI Data      Debug   Object Name

       136         84          0          0          0        414   bsp_test.o
      1828        456       3440          0          0       9262   formula.o
       744         40          0          0        200       8578   gpdma_mizar.o
       216         22          0          0          0       3493   gpio_mizar.o
        88         16          0          0          0       6711   misc_mizar.o
       180         12         23          0          0       2398   retarget_io.o
      2264         86        172          0        200      19527   ssp_mizar.o
        64         26        296          0       7168        824   startup_m100.o
       714        112          0         32        209      10815   system_m100.o
       912        192        211         56          0       1984   thinktech_cmd.o
        28          4          0         82       1320      12610   thinktech_esp8266.o
       868        176         29          8          1       8725   thinktech_mcp2515.o
      1712        208         26          0       3929       6416   thinktech_obd.o
        28          4          0          0         12       1975   thinktech_timer.o
      1970         32         56         72         96      18540   usart_mizar.o

    ----------------------------------------------------------------------
     11772       1470       4292        256      13192     112272   Object Totals
         0          0         32          0          0          0   (incl. Generated)
        20          0          7          6         57          0   (incl. Padding)

    ----------------------------------------------------------------------

      Code (inc. data)   RO Data    RW Data    ZI Data      Debug   Library Member Name

        24          4          0          0          0         84   __2printf.o
        44          6          0          0          0         84   __2sprintf.o
         8          0          0          0          0         68   __main.o
       392          4         17          0          0         92   __printf_flags_ss_wp.o
        14          0          0          0          0         68   __printf_wp.o
         0          0          0          0          0          0   __rtentry.o
        12          0          0          0          0          0   __rtentry2.o
         6          0          0          0          0          0   __rtentry4.o
        52          8          0          0          0          0   __scatter.o
        26          0          0          0          0          0   __scatter_copy.o
        28          0          0          0          0          0   __scatter_zi.o
         6          0          0          0          0          0   _printf_a.o
        44          0          0          0          0        108   _printf_char.o
        48          6          0          0          0         96   _printf_char_common.o
        36          4          0          0          0         80   _printf_char_file.o
         6          0          0          0          0          0   _printf_d.o
       120         16          0          0          0         92   _printf_dec.o
         6          0          0          0          0          0   _printf_e.o
         6          0          0          0          0          0   _printf_f.o
      1052          0          0          0          0        148   _printf_fp_dec.o
       764          8         38          0          0        100   _printf_fp_hex.o
       128         16          0          0          0         84   _printf_fp_infnan.o
         6          0          0          0          0          0   _printf_g.o
       148          4         40          0          0        160   _printf_hex_int_ll_ptr.o
       178          0          0          0          0         88   _printf_intcommon.o
        78          0          0          0          0        108   _printf_pad.o
         0          0          0          0          0          0   _printf_percent.o
         4          0          0          0          0          0   _printf_percent_end.o
         6          0          0          0          0          0   _printf_s.o
        82          0          0          0          0         80   _printf_str.o
         6          0          0          0          0          0   _printf_x.o
        10          0          0          0          0         68   _sputc.o
       228          4        148          0          0         96   bigflt0.o
      1936        128          0          0          0        672   btod.o
        10          0          0          0          0         68   defsig_exit.o
        50          0          0          0          0         88   defsig_general.o
        80         58          0          0          0         76   defsig_rtmem_inner.o
        14          0          0          0          0         80   defsig_rtmem_outer.o
        52         38          0          0          0         76   defsig_rtred_inner.o
        14          0          0          0          0         80   defsig_rtred_outer.o
        18          0          0          0          0         80   exit.o
        76          0          0          0          0         88   fclose.o
         8          0          0          0          0         68   ferror.o
       470          0          0          0          0         88   flsbuf.o
       236          4          0          0          0        128   fopen.o
        26          0          0          0          0         68   fputc.o
       248          6          0          0          0         84   fseek.o
        66          0          0          0          0         76   ftell.o
        94          0          0          0          0         80   h1_alloc.o
        52          0          0          0          0         68   h1_extend.o
        78          0          0          0          0         80   h1_free.o
        14          0          0          0          0         84   h1_init.o
         6          0          0          0          0        152   heapauxi.o
         4          0          0          0          0        136   hguard.o
         0          0          0          0          0          0   indicate_semi.o
       138          0          0          0          0        168   init_alloc.o
       312         46          0          0          0        112   initio.o
        44         10         28          0          0         76   lc_numeric_c.o
         2          0          0          0          0          0   libinit.o
        30          0          0          0          0          0   libinit2.o
         2          0          0          0          0          0   libshutdown.o
         6          0          0          0          0          0   libshutdown2.o
         8          4          0          0         96         68   libspace.o
       138          0          0          0          0         80   lludiv10.o
         0          0          0          0          0          0   maybetermalloc1.o
        44          4          0          0          0         84   puts.o
         8          4          0          0          0         68   rt_errno_addr_intlibspace.o
         8          4          0          0          0         68   rt_heap_descriptor_intlibspace.o
         8          4          0          0          0         68   rt_locale_intlibspace.o
        68          0          0          0          0         68   rt_memclr.o
        78          0          0          0          0         80   rt_memclr_w.o
       138          0          0          0          0         68   rt_memcpy_v6.o
       100          0          0          0          0         80   rt_memcpy_w.o
         2          0          0          0          0          0   rtexit.o
        10          0          0          0          0          0   rtexit2.o
        70          0          0          0          0         80   setvbuf.o
       240          6          0          0          0        156   stdio.o
         0          0          0         12        252          0   stdio_streams.o
       128          0          0          0          0         68   strcmpv7m.o
        72          0          0          0          0         80   strcpy.o
        62          0          0          0          0         76   strlen.o
        86          0          0          0          0         76   strncpy.o
        36          0          0          0          0         80   strstr.o
        12          4          0          0          0         68   sys_exit.o
        74          0          0          0          0         80   sys_stackheap_outer.o
        14          0          0          0          0         76   sys_wrch.o
         2          0          0          0          0         68   use_no_semi.o
        98          4          0          0          0         92   d2f.o
       804         16          0          0          0        280   daddsub_clz.o
       688        140          0          0          0        216   ddiv.o
        84          0          0          0          0        136   dflt_clz.o
       340         12          0          0          0        104   dmul.o
       156          4          0          0          0         92   dnaninf.o
        12          0          0          0          0         68   dretinf.o
        86          4          0          0          0         84   f2d.o
        86          0          0          0          0        136   fflt_clz.o
       140          4          0          0          0         84   fnaninf.o
        10          0          0          0          0         68   fretinf.o
         4          0          0          0          0         68   printf1.o
         4          0          0          0          0         68   printf2.o
         0          0          0          0          0          0   usenofp.o
        40          0          0          0          0         68   fpclassify.o

    ----------------------------------------------------------------------
     11628        584        284         16        352       7684   Library Totals
        16          0         13          4          4          0   (incl. Padding)

    ----------------------------------------------------------------------

      Code (inc. data)   RO Data    RW Data    ZI Data      Debug   Library Name

      9060        400        271         12        348       6120   c_w.l
      2512        184          0          0          0       1496   fz_ws.l
        40          0          0          0          0         68   m_ws.l

    ----------------------------------------------------------------------
     11628        584        284         16        352       7684   Library Totals

    ----------------------------------------------------------------------

==============================================================================


      Code (inc. data)   RO Data    RW Data    ZI Data      Debug   

     23400       2054       4576        272      13544     115428   Grand Totals
     23400       2054       4576        272      13544     115428   ELF Image Totals
     23400       2054       4576        272          0          0   ROM Totals

==============================================================================

    Total RO  Size (Code + RO Data)                27976 (  27.32kB)
    Total RW  Size (RW Data + ZI Data)             13816 (  13.49kB)
    Total ROM Size (Code + RO Data + RW Data)      28248 (  27.59kB)

==============================================================================

